<?xml version="1.0" encoding="ISO-8859-1" ?>
<link_info>
   <banner>TI ARM Clang Linker PC v2.1.3.LTS</banner>
   <copyright>Copyright (c) 1996-2018 Texas Instruments Incorporated</copyright>
   <link_time>0x652d8bb3</link_time>
   <link_errors>0x0</link_errors>
   <output_file>gpiointerrupt_CC3220S_LAUNCHXL_nortos_ticlang.out</output_file>
   <entry_point>
      <name>resetISR</name>
      <address>0x20011285</address>
   </entry_point>
   <input_file_list>
      <input_file id="fl-1">
         <path>.\</path>
         <kind>object</kind>
         <file>gpiointerrupt.o</file>
         <name>gpiointerrupt.o</name>
      </input_file>
      <input_file id="fl-2">
         <path>.\syscfg\</path>
         <kind>object</kind>
         <file>ti_drivers_config.o</file>
         <name>ti_drivers_config.o</name>
      </input_file>
      <input_file id="fl-3">
         <path>.\</path>
         <kind>object</kind>
         <file>main_nortos.o</file>
         <name>main_nortos.o</name>
      </input_file>
      <input_file id="fl-13">
         <kind>object</kind>
         <file>&lt;internal&gt;</file>
         <name>&lt;internal&gt;</name>
      </input_file>
      <input_file id="fl-14">
         <path>C:\ti\simplelink_cc32xx_sdk_7_10_00_13\source\ti\drivers\lib\ticlang\m4\</path>
         <kind>archive</kind>
         <file>drivers_cc32xx.a</file>
         <name>GPIO.c.obj</name>
      </input_file>
      <input_file id="fl-15">
         <path>C:\ti\simplelink_cc32xx_sdk_7_10_00_13\source\ti\drivers\lib\ticlang\m4\</path>
         <kind>archive</kind>
         <file>drivers_cc32xx.a</file>
         <name>GPIOCC32XX.c.obj</name>
      </input_file>
      <input_file id="fl-16">
         <path>C:\ti\simplelink_cc32xx_sdk_7_10_00_13\source\ti\drivers\lib\ticlang\m4\</path>
         <kind>archive</kind>
         <file>drivers_cc32xx.a</file>
         <name>I2C.c.obj</name>
      </input_file>
      <input_file id="fl-17">
         <path>C:\ti\simplelink_cc32xx_sdk_7_10_00_13\source\ti\drivers\lib\ticlang\m4\</path>
         <kind>archive</kind>
         <file>drivers_cc32xx.a</file>
         <name>I2CCC32XX.c.obj</name>
      </input_file>
      <input_file id="fl-18">
         <path>C:\ti\simplelink_cc32xx_sdk_7_10_00_13\source\ti\drivers\lib\ticlang\m4\</path>
         <kind>archive</kind>
         <file>drivers_cc32xx.a</file>
         <name>PowerCC32XX.c.obj</name>
      </input_file>
      <input_file id="fl-19">
         <path>C:\ti\simplelink_cc32xx_sdk_7_10_00_13\source\ti\drivers\lib\ticlang\m4\</path>
         <kind>archive</kind>
         <file>drivers_cc32xx.a</file>
         <name>PowerCC32XX_ticlang.asm.obj</name>
      </input_file>
      <input_file id="fl-1a">
         <path>C:\ti\simplelink_cc32xx_sdk_7_10_00_13\source\ti\drivers\lib\ticlang\m4\</path>
         <kind>archive</kind>
         <file>drivers_cc32xx.a</file>
         <name>Timer.c.obj</name>
      </input_file>
      <input_file id="fl-1b">
         <path>C:\ti\simplelink_cc32xx_sdk_7_10_00_13\source\ti\drivers\lib\ticlang\m4\</path>
         <kind>archive</kind>
         <file>drivers_cc32xx.a</file>
         <name>TimerCC32XX.c.obj</name>
      </input_file>
      <input_file id="fl-1c">
         <path>C:\ti\simplelink_cc32xx_sdk_7_10_00_13\source\ti\drivers\lib\ticlang\m4\</path>
         <kind>archive</kind>
         <file>drivers_cc32xx.a</file>
         <name>UART2.c.obj</name>
      </input_file>
      <input_file id="fl-1d">
         <path>C:\ti\simplelink_cc32xx_sdk_7_10_00_13\source\ti\drivers\lib\ticlang\m4\</path>
         <kind>archive</kind>
         <file>drivers_cc32xx.a</file>
         <name>UART2CC32XX.c.obj</name>
      </input_file>
      <input_file id="fl-1e">
         <path>C:\ti\simplelink_cc32xx_sdk_7_10_00_13\source\ti\drivers\lib\ticlang\m4\</path>
         <kind>archive</kind>
         <file>drivers_cc32xx.a</file>
         <name>List.c.obj</name>
      </input_file>
      <input_file id="fl-1f">
         <path>C:\ti\simplelink_cc32xx_sdk_7_10_00_13\source\ti\drivers\lib\ticlang\m4\</path>
         <kind>archive</kind>
         <file>drivers_cc32xx.a</file>
         <name>RingBuf.c.obj</name>
      </input_file>
      <input_file id="fl-20">
         <path>C:\ti\simplelink_cc32xx_sdk_7_10_00_13\source\ti\drivers\lib\ticlang\m4\</path>
         <kind>archive</kind>
         <file>drivers_cc32xx.a</file>
         <name>UDMACC32XX.c.obj</name>
      </input_file>
      <input_file id="fl-21">
         <path>C:\ti\simplelink_cc32xx_sdk_7_10_00_13\kernel\nortos\lib\ticlang\m4\</path>
         <kind>archive</kind>
         <file>nortos_cc32xx.a</file>
         <name>NoRTOS.c.obj</name>
      </input_file>
      <input_file id="fl-22">
         <path>C:\ti\simplelink_cc32xx_sdk_7_10_00_13\kernel\nortos\lib\ticlang\m4\</path>
         <kind>archive</kind>
         <file>nortos_cc32xx.a</file>
         <name>SemaphoreP_nortos.c.obj</name>
      </input_file>
      <input_file id="fl-23">
         <path>C:\ti\simplelink_cc32xx_sdk_7_10_00_13\kernel\nortos\lib\ticlang\m4\</path>
         <kind>archive</kind>
         <file>nortos_cc32xx.a</file>
         <name>ClockPSysTick_nortos.c.obj</name>
      </input_file>
      <input_file id="fl-24">
         <path>C:\ti\simplelink_cc32xx_sdk_7_10_00_13\kernel\nortos\lib\ticlang\m4\</path>
         <kind>archive</kind>
         <file>nortos_cc32xx.a</file>
         <name>HwiPCC32XX_nortos.c.obj</name>
      </input_file>
      <input_file id="fl-25">
         <path>C:\ti\simplelink_cc32xx_sdk_7_10_00_13\kernel\nortos\lib\ticlang\m4\</path>
         <kind>archive</kind>
         <file>nortos_cc32xx.a</file>
         <name>PowerCC32XX_nortos.c.obj</name>
      </input_file>
      <input_file id="fl-26">
         <path>C:\ti\simplelink_cc32xx_sdk_7_10_00_13\kernel\nortos\lib\ticlang\m4\</path>
         <kind>archive</kind>
         <file>nortos_cc32xx.a</file>
         <name>startup_cc32xx_ticlang.c.obj</name>
      </input_file>
      <input_file id="fl-27">
         <path>C:\ti\simplelink_cc32xx_sdk_7_10_00_13\kernel\nortos\lib\ticlang\m4\</path>
         <kind>archive</kind>
         <file>nortos_cc32xx.a</file>
         <name>SwiP_nortos.c.obj</name>
      </input_file>
      <input_file id="fl-28">
         <path>C:\ti\simplelink_cc32xx_sdk_7_10_00_13\source\ti\devices\cc32xx\driverlib\ticlang\Release\</path>
         <kind>archive</kind>
         <file>driverlib.a</file>
         <name>cpu.obj</name>
      </input_file>
      <input_file id="fl-29">
         <path>C:\ti\simplelink_cc32xx_sdk_7_10_00_13\source\ti\devices\cc32xx\driverlib\ticlang\Release\</path>
         <kind>archive</kind>
         <file>driverlib.a</file>
         <name>gpio.obj</name>
      </input_file>
      <input_file id="fl-2a">
         <path>C:\ti\simplelink_cc32xx_sdk_7_10_00_13\source\ti\devices\cc32xx\driverlib\ticlang\Release\</path>
         <kind>archive</kind>
         <file>driverlib.a</file>
         <name>hwspinlock.obj</name>
      </input_file>
      <input_file id="fl-2b">
         <path>C:\ti\simplelink_cc32xx_sdk_7_10_00_13\source\ti\devices\cc32xx\driverlib\ticlang\Release\</path>
         <kind>archive</kind>
         <file>driverlib.a</file>
         <name>i2c.obj</name>
      </input_file>
      <input_file id="fl-2c">
         <path>C:\ti\simplelink_cc32xx_sdk_7_10_00_13\source\ti\devices\cc32xx\driverlib\ticlang\Release\</path>
         <kind>archive</kind>
         <file>driverlib.a</file>
         <name>interrupt.obj</name>
      </input_file>
      <input_file id="fl-2d">
         <path>C:\ti\simplelink_cc32xx_sdk_7_10_00_13\source\ti\devices\cc32xx\driverlib\ticlang\Release\</path>
         <kind>archive</kind>
         <file>driverlib.a</file>
         <name>pin.obj</name>
      </input_file>
      <input_file id="fl-2e">
         <path>C:\ti\simplelink_cc32xx_sdk_7_10_00_13\source\ti\devices\cc32xx\driverlib\ticlang\Release\</path>
         <kind>archive</kind>
         <file>driverlib.a</file>
         <name>prcm.obj</name>
      </input_file>
      <input_file id="fl-2f">
         <path>C:\ti\simplelink_cc32xx_sdk_7_10_00_13\source\ti\devices\cc32xx\driverlib\ticlang\Release\</path>
         <kind>archive</kind>
         <file>driverlib.a</file>
         <name>spi.obj</name>
      </input_file>
      <input_file id="fl-30">
         <path>C:\ti\simplelink_cc32xx_sdk_7_10_00_13\source\ti\devices\cc32xx\driverlib\ticlang\Release\</path>
         <kind>archive</kind>
         <file>driverlib.a</file>
         <name>systick.obj</name>
      </input_file>
      <input_file id="fl-31">
         <path>C:\ti\simplelink_cc32xx_sdk_7_10_00_13\source\ti\devices\cc32xx\driverlib\ticlang\Release\</path>
         <kind>archive</kind>
         <file>driverlib.a</file>
         <name>timer.obj</name>
      </input_file>
      <input_file id="fl-32">
         <path>C:\ti\simplelink_cc32xx_sdk_7_10_00_13\source\ti\devices\cc32xx\driverlib\ticlang\Release\</path>
         <kind>archive</kind>
         <file>driverlib.a</file>
         <name>uart.obj</name>
      </input_file>
      <input_file id="fl-33">
         <path>C:\ti\simplelink_cc32xx_sdk_7_10_00_13\source\ti\devices\cc32xx\driverlib\ticlang\Release\</path>
         <kind>archive</kind>
         <file>driverlib.a</file>
         <name>udma.obj</name>
      </input_file>
      <input_file id="fl-34">
         <path>C:\ti\simplelink_cc32xx_sdk_7_10_00_13\source\ti\devices\cc32xx\driverlib\ticlang\Release\</path>
         <kind>archive</kind>
         <file>driverlib.a</file>
         <name>utils.obj</name>
      </input_file>
      <input_file id="fl-35">
         <path>C:\ti\simplelink_cc32xx_sdk_7_10_00_13\source\ti\devices\cc32xx\driverlib\ticlang\Release\</path>
         <kind>archive</kind>
         <file>driverlib.a</file>
         <name>flash.obj</name>
      </input_file>
      <input_file id="fl-41">
         <path>C:\ti\ccs1240\ccs\tools\compiler\ti-cgt-armllvm_2.1.3.LTS\lib\armv7em-ti-none-eabi\c\</path>
         <kind>archive</kind>
         <file>libc.a</file>
         <name>snprintf.c.obj</name>
      </input_file>
      <input_file id="fl-42">
         <path>C:\ti\ccs1240\ccs\tools\compiler\ti-cgt-armllvm_2.1.3.LTS\lib\armv7em-ti-none-eabi\c\</path>
         <kind>archive</kind>
         <file>libc.a</file>
         <name>memory.c.obj</name>
      </input_file>
      <input_file id="fl-43">
         <path>C:\ti\ccs1240\ccs\tools\compiler\ti-cgt-armllvm_2.1.3.LTS\lib\armv7em-ti-none-eabi\c\</path>
         <kind>archive</kind>
         <file>libc.a</file>
         <name>copy_zero_init.c.obj</name>
      </input_file>
      <input_file id="fl-44">
         <path>C:\ti\ccs1240\ccs\tools\compiler\ti-cgt-armllvm_2.1.3.LTS\lib\armv7em-ti-none-eabi\c\</path>
         <kind>archive</kind>
         <file>libc.a</file>
         <name>copy_decompress_none.c.obj</name>
      </input_file>
      <input_file id="fl-45">
         <path>C:\ti\ccs1240\ccs\tools\compiler\ti-cgt-armllvm_2.1.3.LTS\lib\armv7em-ti-none-eabi\c\</path>
         <kind>archive</kind>
         <file>libc.a</file>
         <name>copy_decompress_lzss.c.obj</name>
      </input_file>
      <input_file id="fl-46">
         <path>C:\ti\ccs1240\ccs\tools\compiler\ti-cgt-armllvm_2.1.3.LTS\lib\armv7em-ti-none-eabi\c\</path>
         <kind>archive</kind>
         <file>libc.a</file>
         <name>boot_cortex_m.c.obj</name>
      </input_file>
      <input_file id="fl-47">
         <path>C:\ti\ccs1240\ccs\tools\compiler\ti-cgt-armllvm_2.1.3.LTS\lib\armv7em-ti-none-eabi\c\</path>
         <kind>archive</kind>
         <file>libc.a</file>
         <name>mathacl_init.c.obj</name>
      </input_file>
      <input_file id="fl-48">
         <path>C:\ti\ccs1240\ccs\tools\compiler\ti-cgt-armllvm_2.1.3.LTS\lib\armv7em-ti-none-eabi\c\</path>
         <kind>archive</kind>
         <file>libc.a</file>
         <name>_printfi.c.obj</name>
      </input_file>
      <input_file id="fl-49">
         <path>C:\ti\ccs1240\ccs\tools\compiler\ti-cgt-armllvm_2.1.3.LTS\lib\armv7em-ti-none-eabi\c\</path>
         <kind>archive</kind>
         <file>libc.a</file>
         <name>s_frexp.c.obj</name>
      </input_file>
      <input_file id="fl-4a">
         <path>C:\ti\ccs1240\ccs\tools\compiler\ti-cgt-armllvm_2.1.3.LTS\lib\armv7em-ti-none-eabi\c\</path>
         <kind>archive</kind>
         <file>libc.a</file>
         <name>s_scalbn.c.obj</name>
      </input_file>
      <input_file id="fl-4b">
         <path>C:\ti\ccs1240\ccs\tools\compiler\ti-cgt-armllvm_2.1.3.LTS\lib\armv7em-ti-none-eabi\c\</path>
         <kind>archive</kind>
         <file>libc.a</file>
         <name>aeabi_portable.c.obj</name>
      </input_file>
      <input_file id="fl-4c">
         <path>C:\ti\ccs1240\ccs\tools\compiler\ti-cgt-armllvm_2.1.3.LTS\lib\armv7em-ti-none-eabi\c\</path>
         <kind>archive</kind>
         <file>libc.a</file>
         <name>exit.c.obj</name>
      </input_file>
      <input_file id="fl-4d">
         <path>C:\ti\ccs1240\ccs\tools\compiler\ti-cgt-armllvm_2.1.3.LTS\lib\armv7em-ti-none-eabi\c\</path>
         <kind>archive</kind>
         <file>libc.a</file>
         <name>_lock.c.obj</name>
      </input_file>
      <input_file id="fl-4e">
         <path>C:\ti\ccs1240\ccs\tools\compiler\ti-cgt-armllvm_2.1.3.LTS\lib\armv7em-ti-none-eabi\c\</path>
         <kind>archive</kind>
         <file>libc.a</file>
         <name>_ltoa.c.obj</name>
      </input_file>
      <input_file id="fl-4f">
         <path>C:\ti\ccs1240\ccs\tools\compiler\ti-cgt-armllvm_2.1.3.LTS\lib\armv7em-ti-none-eabi\c\</path>
         <kind>archive</kind>
         <file>libc.a</file>
         <name>args_main.c.obj</name>
      </input_file>
      <input_file id="fl-50">
         <path>C:\ti\ccs1240\ccs\tools\compiler\ti-cgt-armllvm_2.1.3.LTS\lib\armv7em-ti-none-eabi\c\</path>
         <kind>archive</kind>
         <file>libc.a</file>
         <name>assert.c.obj</name>
      </input_file>
      <input_file id="fl-51">
         <path>C:\ti\ccs1240\ccs\tools\compiler\ti-cgt-armllvm_2.1.3.LTS\lib\armv7em-ti-none-eabi\c\</path>
         <kind>archive</kind>
         <file>libc.a</file>
         <name>atoi.c.obj</name>
      </input_file>
      <input_file id="fl-52">
         <path>C:\ti\ccs1240\ccs\tools\compiler\ti-cgt-armllvm_2.1.3.LTS\lib\armv7em-ti-none-eabi\c\</path>
         <kind>archive</kind>
         <file>libc.a</file>
         <name>defs.c.obj</name>
      </input_file>
      <input_file id="fl-53">
         <path>C:\ti\ccs1240\ccs\tools\compiler\ti-cgt-armllvm_2.1.3.LTS\lib\armv7em-ti-none-eabi\c\</path>
         <kind>archive</kind>
         <file>libc.a</file>
         <name>memccpy.c.obj</name>
      </input_file>
      <input_file id="fl-54">
         <path>C:\ti\ccs1240\ccs\tools\compiler\ti-cgt-armllvm_2.1.3.LTS\lib\armv7em-ti-none-eabi\c\</path>
         <kind>archive</kind>
         <file>libc.a</file>
         <name>autoinit.c.obj</name>
      </input_file>
      <input_file id="fl-55">
         <path>C:\ti\ccs1240\ccs\tools\compiler\ti-cgt-armllvm_2.1.3.LTS\lib\armv7em-ti-none-eabi\c\</path>
         <kind>archive</kind>
         <file>libc.a</file>
         <name>pre_init.c.obj</name>
      </input_file>
      <input_file id="fl-56">
         <path>C:\ti\ccs1240\ccs\tools\compiler\ti-cgt-armllvm_2.1.3.LTS\lib\armv7em-ti-none-eabi\c\</path>
         <kind>archive</kind>
         <file>libc.a</file>
         <name>cpy_tbl.c.obj</name>
      </input_file>
      <input_file id="fl-57">
         <path>C:\ti\ccs1240\ccs\tools\compiler\ti-cgt-armllvm_2.1.3.LTS\lib\armv7em-ti-none-eabi\c\</path>
         <kind>archive</kind>
         <file>libc.a</file>
         <name>wcslen.c.obj</name>
      </input_file>
      <input_file id="fl-58">
         <path>C:\ti\ccs1240\ccs\tools\compiler\ti-cgt-armllvm_2.1.3.LTS\lib\armv7em-ti-none-eabi\c\</path>
         <kind>archive</kind>
         <file>libc.a</file>
         <name>sprintf.c.obj</name>
      </input_file>
      <input_file id="fl-59">
         <path>C:\ti\ccs1240\ccs\tools\compiler\ti-cgt-armllvm_2.1.3.LTS\lib\armv7em-ti-none-eabi\c\</path>
         <kind>archive</kind>
         <file>libc.a</file>
         <name>fflush.c.obj</name>
      </input_file>
      <input_file id="fl-5a">
         <path>C:\ti\ccs1240\ccs\tools\compiler\ti-cgt-armllvm_2.1.3.LTS\lib\armv7em-ti-none-eabi\c\</path>
         <kind>archive</kind>
         <file>libc.a</file>
         <name>fputs.c.obj</name>
      </input_file>
      <input_file id="fl-5b">
         <path>C:\ti\ccs1240\ccs\tools\compiler\ti-cgt-armllvm_2.1.3.LTS\lib\armv7em-ti-none-eabi\c\</path>
         <kind>archive</kind>
         <file>libc.a</file>
         <name>_io_perm.c.obj</name>
      </input_file>
      <input_file id="fl-5c">
         <path>C:\ti\ccs1240\ccs\tools\compiler\ti-cgt-armllvm_2.1.3.LTS\lib\armv7em-ti-none-eabi\c\</path>
         <kind>archive</kind>
         <file>libc.a</file>
         <name>setvbuf.c.obj</name>
      </input_file>
      <input_file id="fl-5d">
         <path>C:\ti\ccs1240\ccs\tools\compiler\ti-cgt-armllvm_2.1.3.LTS\lib\armv7em-ti-none-eabi\c\</path>
         <kind>archive</kind>
         <file>libc.a</file>
         <name>aeabi_ctype.S.obj</name>
      </input_file>
      <input_file id="fl-5e">
         <path>C:\ti\ccs1240\ccs\tools\compiler\ti-cgt-armllvm_2.1.3.LTS\lib\armv7em-ti-none-eabi\c\</path>
         <kind>archive</kind>
         <file>libc.a</file>
         <name>fopen.c.obj</name>
      </input_file>
      <input_file id="fl-5f">
         <path>C:\ti\ccs1240\ccs\tools\compiler\ti-cgt-armllvm_2.1.3.LTS\lib\armv7em-ti-none-eabi\c\</path>
         <kind>archive</kind>
         <file>libc.a</file>
         <name>fseek.c.obj</name>
      </input_file>
      <input_file id="fl-60">
         <path>C:\ti\ccs1240\ccs\tools\compiler\ti-cgt-armllvm_2.1.3.LTS\lib\armv7em-ti-none-eabi\c\</path>
         <kind>archive</kind>
         <file>libc.a</file>
         <name>fclose.c.obj</name>
      </input_file>
      <input_file id="fl-99">
         <path>C:\ti\ccs1240\ccs\tools\compiler\ti-cgt-armllvm_2.1.3.LTS\lib\armv7em-ti-none-eabi\c\</path>
         <kind>archive</kind>
         <file>libsysbm.a</file>
         <name>write.c.obj</name>
      </input_file>
      <input_file id="fl-9a">
         <path>C:\ti\ccs1240\ccs\tools\compiler\ti-cgt-armllvm_2.1.3.LTS\lib\armv7em-ti-none-eabi\c\</path>
         <kind>archive</kind>
         <file>libsysbm.a</file>
         <name>host_device.c.obj</name>
      </input_file>
      <input_file id="fl-9b">
         <path>C:\ti\ccs1240\ccs\tools\compiler\ti-cgt-armllvm_2.1.3.LTS\lib\armv7em-ti-none-eabi\c\</path>
         <kind>archive</kind>
         <file>libsysbm.a</file>
         <name>remove.c.obj</name>
      </input_file>
      <input_file id="fl-9c">
         <path>C:\ti\ccs1240\ccs\tools\compiler\ti-cgt-armllvm_2.1.3.LTS\lib\armv7em-ti-none-eabi\c\</path>
         <kind>archive</kind>
         <file>libsysbm.a</file>
         <name>open.c.obj</name>
      </input_file>
      <input_file id="fl-9d">
         <path>C:\ti\ccs1240\ccs\tools\compiler\ti-cgt-armllvm_2.1.3.LTS\lib\armv7em-ti-none-eabi\c\</path>
         <kind>archive</kind>
         <file>libsysbm.a</file>
         <name>lseek.c.obj</name>
      </input_file>
      <input_file id="fl-9e">
         <path>C:\ti\ccs1240\ccs\tools\compiler\ti-cgt-armllvm_2.1.3.LTS\lib\armv7em-ti-none-eabi\c\</path>
         <kind>archive</kind>
         <file>libsysbm.a</file>
         <name>close.c.obj</name>
      </input_file>
      <input_file id="fl-9f">
         <path>C:\ti\ccs1240\ccs\tools\compiler\ti-cgt-armllvm_2.1.3.LTS\lib\armv7em-ti-none-eabi\c\</path>
         <kind>archive</kind>
         <file>libsysbm.a</file>
         <name>unlink.c.obj</name>
      </input_file>
      <input_file id="fl-a0">
         <path>C:\ti\ccs1240\ccs\tools\compiler\ti-cgt-armllvm_2.1.3.LTS\lib\armv7em-ti-none-eabi\c\</path>
         <kind>archive</kind>
         <file>libsysbm.a</file>
         <name>hostclose.c.obj</name>
      </input_file>
      <input_file id="fl-a1">
         <path>C:\ti\ccs1240\ccs\tools\compiler\ti-cgt-armllvm_2.1.3.LTS\lib\armv7em-ti-none-eabi\c\</path>
         <kind>archive</kind>
         <file>libsysbm.a</file>
         <name>hostlseek.c.obj</name>
      </input_file>
      <input_file id="fl-a2">
         <path>C:\ti\ccs1240\ccs\tools\compiler\ti-cgt-armllvm_2.1.3.LTS\lib\armv7em-ti-none-eabi\c\</path>
         <kind>archive</kind>
         <file>libsysbm.a</file>
         <name>hostopen.c.obj</name>
      </input_file>
      <input_file id="fl-a3">
         <path>C:\ti\ccs1240\ccs\tools\compiler\ti-cgt-armllvm_2.1.3.LTS\lib\armv7em-ti-none-eabi\c\</path>
         <kind>archive</kind>
         <file>libsysbm.a</file>
         <name>hostread.c.obj</name>
      </input_file>
      <input_file id="fl-a4">
         <path>C:\ti\ccs1240\ccs\tools\compiler\ti-cgt-armllvm_2.1.3.LTS\lib\armv7em-ti-none-eabi\c\</path>
         <kind>archive</kind>
         <file>libsysbm.a</file>
         <name>hostrename.c.obj</name>
      </input_file>
      <input_file id="fl-a5">
         <path>C:\ti\ccs1240\ccs\tools\compiler\ti-cgt-armllvm_2.1.3.LTS\lib\armv7em-ti-none-eabi\c\</path>
         <kind>archive</kind>
         <file>libsysbm.a</file>
         <name>hostunlink.c.obj</name>
      </input_file>
      <input_file id="fl-a6">
         <path>C:\ti\ccs1240\ccs\tools\compiler\ti-cgt-armllvm_2.1.3.LTS\lib\armv7em-ti-none-eabi\c\</path>
         <kind>archive</kind>
         <file>libsysbm.a</file>
         <name>hostwrite.c.obj</name>
      </input_file>
      <input_file id="fl-a7">
         <path>C:\ti\ccs1240\ccs\tools\compiler\ti-cgt-armllvm_2.1.3.LTS\lib\armv7em-ti-none-eabi\c\</path>
         <kind>archive</kind>
         <file>libsysbm.a</file>
         <name>trgmsg.c.obj</name>
      </input_file>
      <input_file id="fl-a8">
         <path>C:\ti\ccs1240\ccs\tools\compiler\ti-cgt-armllvm_2.1.3.LTS\lib\clang\14.0.6\lib\armv7em-ti-none-eabi\</path>
         <kind>archive</kind>
         <file>libclang_rt.builtins.a</file>
         <name>adddf3.S.obj</name>
      </input_file>
      <input_file id="fl-a9">
         <path>C:\ti\ccs1240\ccs\tools\compiler\ti-cgt-armllvm_2.1.3.LTS\lib\clang\14.0.6\lib\armv7em-ti-none-eabi\</path>
         <kind>archive</kind>
         <file>libclang_rt.builtins.a</file>
         <name>muldf3.S.obj</name>
      </input_file>
      <input_file id="fl-aa">
         <path>C:\ti\ccs1240\ccs\tools\compiler\ti-cgt-armllvm_2.1.3.LTS\lib\clang\14.0.6\lib\armv7em-ti-none-eabi\</path>
         <kind>archive</kind>
         <file>libclang_rt.builtins.a</file>
         <name>divdf3.S.obj</name>
      </input_file>
      <input_file id="fl-ab">
         <path>C:\ti\ccs1240\ccs\tools\compiler\ti-cgt-armllvm_2.1.3.LTS\lib\clang\14.0.6\lib\armv7em-ti-none-eabi\</path>
         <kind>archive</kind>
         <file>libclang_rt.builtins.a</file>
         <name>fixdfsi.S.obj</name>
      </input_file>
      <input_file id="fl-ac">
         <path>C:\ti\ccs1240\ccs\tools\compiler\ti-cgt-armllvm_2.1.3.LTS\lib\clang\14.0.6\lib\armv7em-ti-none-eabi\</path>
         <kind>archive</kind>
         <file>libclang_rt.builtins.a</file>
         <name>floatsidf.S.obj</name>
      </input_file>
      <input_file id="fl-ad">
         <path>C:\ti\ccs1240\ccs\tools\compiler\ti-cgt-armllvm_2.1.3.LTS\lib\clang\14.0.6\lib\armv7em-ti-none-eabi\</path>
         <kind>archive</kind>
         <file>libclang_rt.builtins.a</file>
         <name>aeabi_dcmp.S.obj</name>
      </input_file>
      <input_file id="fl-ae">
         <path>C:\ti\ccs1240\ccs\tools\compiler\ti-cgt-armllvm_2.1.3.LTS\lib\clang\14.0.6\lib\armv7em-ti-none-eabi\</path>
         <kind>archive</kind>
         <file>libclang_rt.builtins.a</file>
         <name>aeabi_memcpy.S.obj</name>
      </input_file>
      <input_file id="fl-af">
         <path>C:\ti\ccs1240\ccs\tools\compiler\ti-cgt-armllvm_2.1.3.LTS\lib\clang\14.0.6\lib\armv7em-ti-none-eabi\</path>
         <kind>archive</kind>
         <file>libclang_rt.builtins.a</file>
         <name>aeabi_memset.S.obj</name>
      </input_file>
      <input_file id="fl-b0">
         <path>C:\ti\ccs1240\ccs\tools\compiler\ti-cgt-armllvm_2.1.3.LTS\lib\clang\14.0.6\lib\armv7em-ti-none-eabi\</path>
         <kind>archive</kind>
         <file>libclang_rt.builtins.a</file>
         <name>aeabi_uldivmod.S.obj</name>
      </input_file>
      <input_file id="fl-b1">
         <path>C:\ti\ccs1240\ccs\tools\compiler\ti-cgt-armllvm_2.1.3.LTS\lib\clang\14.0.6\lib\armv7em-ti-none-eabi\</path>
         <kind>archive</kind>
         <file>libclang_rt.builtins.a</file>
         <name>udivmoddi4.S.obj</name>
      </input_file>
      <input_file id="fl-b2">
         <path>C:\ti\ccs1240\ccs\tools\compiler\ti-cgt-armllvm_2.1.3.LTS\lib\clang\14.0.6\lib\armv7em-ti-none-eabi\</path>
         <kind>archive</kind>
         <file>libclang_rt.builtins.a</file>
         <name>comparedf2.c.obj</name>
      </input_file>
      <input_file id="fl-b3">
         <path>C:\ti\ccs1240\ccs\tools\compiler\ti-cgt-armllvm_2.1.3.LTS\lib\clang\14.0.6\lib\armv7em-ti-none-eabi\</path>
         <kind>archive</kind>
         <file>libclang_rt.builtins.a</file>
         <name>aeabi_div0.c.obj</name>
      </input_file>
      <input_file id="fl-b4">
         <path>C:\ti\ccs1240\ccs\tools\compiler\ti-cgt-armllvm_2.1.3.LTS\lib\armv7em-ti-none-eabi\c\</path>
         <kind>archive</kind>
         <file>libc.a</file>
         <name>getdevice.c.obj</name>
      </input_file>
      <input_file id="fl-b5">
         <path>C:\ti\ccs1240\ccs\tools\compiler\ti-cgt-armllvm_2.1.3.LTS\lib\armv7em-ti-none-eabi\c\</path>
         <kind>archive</kind>
         <file>libc.a</file>
         <name>memcpy_t2.S.obj</name>
      </input_file>
      <input_file id="fl-b6">
         <path>C:\ti\ccs1240\ccs\tools\compiler\ti-cgt-armllvm_2.1.3.LTS\lib\armv7em-ti-none-eabi\c\</path>
         <kind>archive</kind>
         <file>libc.a</file>
         <name>memset_t2.S.obj</name>
      </input_file>
   </input_file_list>
   <object_component_list>
      <object_component id="oc-21a">
         <name>.text:__TI_printfi_nofloat</name>
         <load_address>0x2000c040</load_address>
         <run_address>0x2000c040</run_address>
         <size>0x844</size>
         <input_file_ref idref="fl-48"/>
      </object_component>
      <object_component id="oc-c8">
         <name>.text.PRCMCC3200MCUInit</name>
         <load_address>0x2000c884</load_address>
         <run_address>0x2000c884</run_address>
         <size>0x4b8</size>
         <input_file_ref idref="fl-2e"/>
      </object_component>
      <object_component id="oc-234">
         <name>.text.Power_sleep</name>
         <load_address>0x2000cd3c</load_address>
         <run_address>0x2000cd3c</run_address>
         <size>0x3e4</size>
         <input_file_ref idref="fl-18"/>
      </object_component>
      <object_component id="oc-1e4">
         <name>.text.UART2CC32XX_hwiIntFxn</name>
         <load_address>0x2000d120</load_address>
         <run_address>0x2000d120</run_address>
         <size>0x222</size>
         <input_file_ref idref="fl-1d"/>
      </object_component>
      <object_component id="oc-d8">
         <name>.text.Board_initHook</name>
         <load_address>0x2000d342</load_address>
         <run_address>0x2000d342</run_address>
         <size>0x2</size>
         <input_file_ref idref="fl-2"/>
      </object_component>
      <object_component id="oc-13e">
         <name>.text.UART2_open</name>
         <load_address>0x2000d344</load_address>
         <run_address>0x2000d344</run_address>
         <size>0x1cc</size>
         <input_file_ref idref="fl-1d"/>
      </object_component>
      <object_component id="oc-e5">
         <name>.text.initI2C</name>
         <load_address>0x2000d510</load_address>
         <run_address>0x2000d510</run_address>
         <size>0x178</size>
         <input_file_ref idref="fl-1"/>
      </object_component>
      <object_component id="oc-21c">
         <name>.text.UART2_writeTimeoutBlocking</name>
         <load_address>0x2000d688</load_address>
         <run_address>0x2000d688</run_address>
         <size>0x174</size>
         <input_file_ref idref="fl-1c"/>
      </object_component>
      <object_component id="oc-1ad">
         <name>.text.PowerCC32XX_sleepPolicy</name>
         <load_address>0x2000d7fc</load_address>
         <run_address>0x2000d7fc</run_address>
         <size>0x150</size>
         <input_file_ref idref="fl-25"/>
      </object_component>
      <object_component id="oc-161">
         <name>.text.Timer_open</name>
         <load_address>0x2000d94c</load_address>
         <run_address>0x2000d94c</run_address>
         <size>0x148</size>
         <input_file_ref idref="fl-1b"/>
      </object_component>
      <object_component id="oc-e7">
         <name>.text.GPIO_setConfig</name>
         <load_address>0x2000da94</load_address>
         <run_address>0x2000da94</run_address>
         <size>0x140</size>
         <input_file_ref idref="fl-15"/>
      </object_component>
      <object_component id="oc-1f4">
         <name>.text.I2CCC32XX_hwiFxn</name>
         <load_address>0x2000dbd4</load_address>
         <run_address>0x2000dbd4</run_address>
         <size>0x138</size>
         <input_file_ref idref="fl-17"/>
      </object_component>
      <object_component id="oc-1f8">
         <name>.text.I2C_transferTimeout</name>
         <load_address>0x2000dd0c</load_address>
         <run_address>0x2000dd0c</run_address>
         <size>0x126</size>
         <input_file_ref idref="fl-16"/>
      </object_component>
      <object_component id="oc-144">
         <name>.text.I2C_init</name>
         <load_address>0x2000de32</load_address>
         <run_address>0x2000de32</run_address>
         <size>0x2</size>
         <input_file_ref idref="fl-16"/>
      </object_component>
      <object_component id="oc-2ad">
         <name>.text.aligned_alloc</name>
         <load_address>0x2000de34</load_address>
         <run_address>0x2000de34</run_address>
         <size>0x120</size>
         <input_file_ref idref="fl-42"/>
      </object_component>
      <object_component id="oc-307">
         <name>.text.uDMAChannelTransferSet</name>
         <load_address>0x2000df54</load_address>
         <run_address>0x2000df54</run_address>
         <size>0x112</size>
         <input_file_ref idref="fl-33"/>
      </object_component>
      <object_component id="oc-1a8">
         <name>.text.PowerCC32XX_initPolicy</name>
         <load_address>0x2000e066</load_address>
         <run_address>0x2000e066</run_address>
         <size>0x2</size>
         <input_file_ref idref="fl-25"/>
      </object_component>
      <object_component id="oc-181">
         <name>.text</name>
         <load_address>0x2000e068</load_address>
         <run_address>0x2000e068</run_address>
         <size>0xfc</size>
         <input_file_ref idref="fl-a9"/>
      </object_component>
      <object_component id="oc-1b4">
         <name>.text.free</name>
         <load_address>0x2000e164</load_address>
         <run_address>0x2000e164</run_address>
         <size>0xf8</size>
         <input_file_ref idref="fl-42"/>
      </object_component>
      <object_component id="oc-14a">
         <name>.text.I2C_open</name>
         <load_address>0x2000e25c</load_address>
         <run_address>0x2000e25c</run_address>
         <size>0xe8</size>
         <input_file_ref idref="fl-17"/>
      </object_component>
      <object_component id="oc-1df">
         <name>.text.UART2_close</name>
         <load_address>0x2000e344</load_address>
         <run_address>0x2000e344</run_address>
         <size>0xe8</size>
         <input_file_ref idref="fl-1d"/>
      </object_component>
      <object_component id="oc-27d">
         <name>.text.UART2Support_dmaStartRx</name>
         <load_address>0x2000e42c</load_address>
         <run_address>0x2000e42c</run_address>
         <size>0xcc</size>
         <input_file_ref idref="fl-1d"/>
      </object_component>
      <object_component id="oc-2fb">
         <name>.text.IntDisable</name>
         <load_address>0x2000e4f8</load_address>
         <run_address>0x2000e4f8</run_address>
         <size>0xc8</size>
         <input_file_ref idref="fl-2c"/>
      </object_component>
      <object_component id="oc-266">
         <name>.text.IntEnable</name>
         <load_address>0x2000e5c0</load_address>
         <run_address>0x2000e5c0</run_address>
         <size>0xc8</size>
         <input_file_ref idref="fl-2c"/>
      </object_component>
      <object_component id="oc-a6">
         <name>.text.mainThread</name>
         <load_address>0x2000e688</load_address>
         <run_address>0x2000e688</run_address>
         <size>0xc8</size>
         <input_file_ref idref="fl-1"/>
      </object_component>
      <object_component id="oc-1db">
         <name>.text.UART2CC32XX_initHw</name>
         <load_address>0x2000e750</load_address>
         <run_address>0x2000e750</run_address>
         <size>0xc4</size>
         <input_file_ref idref="fl-1d"/>
      </object_component>
      <object_component id="oc-280">
         <name>.text.UART2Support_dmaStartTx</name>
         <load_address>0x2000e814</load_address>
         <run_address>0x2000e814</run_address>
         <size>0xb8</size>
         <input_file_ref idref="fl-1d"/>
      </object_component>
      <object_component id="oc-2d6">
         <name>.text</name>
         <load_address>0x2000e8cc</load_address>
         <run_address>0x2000e8cc</run_address>
         <size>0xb0</size>
         <input_file_ref idref="fl-b1"/>
      </object_component>
      <object_component id="oc-20d">
         <name>.text.GPIOIntTypeSet</name>
         <load_address>0x2000e97c</load_address>
         <run_address>0x2000e97c</run_address>
         <size>0xac</size>
         <input_file_ref idref="fl-29"/>
      </object_component>
      <object_component id="oc-360">
         <name>.text.IntPendSet</name>
         <load_address>0x2000ea28</load_address>
         <run_address>0x2000ea28</run_address>
         <size>0xa4</size>
         <input_file_ref idref="fl-2c"/>
      </object_component>
      <object_component id="oc-16a">
         <name>.text.PinConfigSet</name>
         <load_address>0x2000eacc</load_address>
         <run_address>0x2000eacc</run_address>
         <size>0xa2</size>
         <input_file_ref idref="fl-2d"/>
      </object_component>
      <object_component id="oc-293">
         <name>.text.I2CCC32XX_completeTransfer</name>
         <load_address>0x2000eb6e</load_address>
         <run_address>0x2000eb6e</run_address>
         <size>0x9c</size>
         <input_file_ref idref="fl-17"/>
      </object_component>
      <object_component id="oc-284">
         <name>.text.I2CMasterInitExpClk</name>
         <load_address>0x2000ec0a</load_address>
         <run_address>0x2000ec0a</run_address>
         <size>0x98</size>
         <input_file_ref idref="fl-2b"/>
      </object_component>
      <object_component id="oc-26f">
         <name>.text.SemaphoreP_destruct</name>
         <load_address>0x2000eca2</load_address>
         <run_address>0x2000eca2</run_address>
         <size>0x2</size>
         <input_file_ref idref="fl-22"/>
      </object_component>
      <object_component id="oc-12f">
         <name>.text.SemaphoreP_pend</name>
         <load_address>0x2000eca4</load_address>
         <run_address>0x2000eca4</run_address>
         <size>0x98</size>
         <input_file_ref idref="fl-22"/>
      </object_component>
      <object_component id="oc-ef">
         <name>.text.readTemp</name>
         <load_address>0x2000ed3c</load_address>
         <run_address>0x2000ed3c</run_address>
         <size>0x98</size>
         <input_file_ref idref="fl-1"/>
      </object_component>
      <object_component id="oc-2ed">
         <name>.text.CPUwfi</name>
         <load_address>0x2000edd4</load_address>
         <run_address>0x2000edd4</run_address>
         <size>0xc</size>
         <input_file_ref idref="fl-28"/>
      </object_component>
      <object_component id="oc-2e2">
         <name>.text</name>
         <load_address>0x2000ede0</load_address>
         <run_address>0x2000ede0</run_address>
         <size>0x96</size>
         <input_file_ref idref="fl-19"/>
      </object_component>
      <object_component id="oc-25f">
         <name>.text.uDMAChannelAttributeDisable</name>
         <load_address>0x2000ee76</load_address>
         <run_address>0x2000ee76</run_address>
         <size>0x92</size>
         <input_file_ref idref="fl-33"/>
      </object_component>
      <object_component id="oc-d2">
         <name>.text.GPIO_init</name>
         <load_address>0x2000ef08</load_address>
         <run_address>0x2000ef08</run_address>
         <size>0x90</size>
         <input_file_ref idref="fl-15"/>
      </object_component>
      <object_component id="oc-10e">
         <name>.text.PRCMSysResetCauseGet</name>
         <load_address>0x2000ef98</load_address>
         <run_address>0x2000ef98</run_address>
         <size>0x8e</size>
         <input_file_ref idref="fl-2e"/>
      </object_component>
      <object_component id="oc-15a">
         <name>.text.Timer_init</name>
         <load_address>0x2000f026</load_address>
         <run_address>0x2000f026</run_address>
         <size>0x2</size>
         <input_file_ref idref="fl-1a"/>
      </object_component>
      <object_component id="oc-120">
         <name>.text.PowerCC32XX_configureWakeup</name>
         <load_address>0x2000f028</load_address>
         <run_address>0x2000f028</run_address>
         <size>0x88</size>
         <input_file_ref idref="fl-18"/>
      </object_component>
      <object_component id="oc-290">
         <name>.text.I2CCC32XX_primeReadBurst</name>
         <load_address>0x2000f0b0</load_address>
         <run_address>0x2000f0b0</run_address>
         <size>0x7a</size>
         <input_file_ref idref="fl-17"/>
      </object_component>
      <object_component id="oc-1e2">
         <name>.text.UART2CC32XX_eventCallback</name>
         <load_address>0x2000f12a</load_address>
         <run_address>0x2000f12a</run_address>
         <size>0x2</size>
         <input_file_ref idref="fl-1d"/>
      </object_component>
      <object_component id="oc-cd">
         <name>.text.Power_init</name>
         <load_address>0x2000f12c</load_address>
         <run_address>0x2000f12c</run_address>
         <size>0x78</size>
         <input_file_ref idref="fl-18"/>
      </object_component>
      <object_component id="oc-1dd">
         <name>.text.HwiP_construct</name>
         <load_address>0x2000f1a4</load_address>
         <run_address>0x2000f1a4</run_address>
         <size>0x74</size>
         <input_file_ref idref="fl-24"/>
      </object_component>
      <object_component id="oc-1a5">
         <name>.text.PRCMHibernateWakeUpGPIOSelect</name>
         <load_address>0x2000f218</load_address>
         <run_address>0x2000f218</run_address>
         <size>0x74</size>
         <input_file_ref idref="fl-2e"/>
      </object_component>
      <object_component id="oc-254">
         <name>.text.UARTConfigSetExpClk</name>
         <load_address>0x2000f28c</load_address>
         <run_address>0x2000f28c</run_address>
         <size>0x74</size>
         <input_file_ref idref="fl-32"/>
      </object_component>
      <object_component id="oc-2e0">
         <name>.text.PinLockLevelSet</name>
         <load_address>0x2000f300</load_address>
         <run_address>0x2000f300</run_address>
         <size>0x6c</size>
         <input_file_ref idref="fl-2d"/>
      </object_component>
      <object_component id="oc-16b">
         <name>.text.Power_setDependency</name>
         <load_address>0x2000f36c</load_address>
         <run_address>0x2000f36c</run_address>
         <size>0x6c</size>
         <input_file_ref idref="fl-18"/>
      </object_component>
      <object_component id="oc-1d9">
         <name>.text.UDMACC32XX_open</name>
         <load_address>0x2000f3d8</load_address>
         <run_address>0x2000f3d8</run_address>
         <size>0x6c</size>
         <input_file_ref idref="fl-20"/>
      </object_component>
      <object_component id="oc-136">
         <name>.text.powerNotifyFxn</name>
         <load_address>0x2000f444</load_address>
         <run_address>0x2000f444</run_address>
         <size>0x6c</size>
         <input_file_ref idref="fl-15"/>
      </object_component>
      <object_component id="oc-317">
         <name>.text.split</name>
         <load_address>0x2000f4b0</load_address>
         <run_address>0x2000f4b0</run_address>
         <size>0x6c</size>
         <input_file_ref idref="fl-42"/>
      </object_component>
      <object_component id="oc-116">
         <name>.text.PRCMPeripheralReset</name>
         <load_address>0x2000f51c</load_address>
         <run_address>0x2000f51c</run_address>
         <size>0x6a</size>
         <input_file_ref idref="fl-2e"/>
      </object_component>
      <object_component id="oc-18">
         <name>.text:decompress:lzss</name>
         <load_address>0x2000f586</load_address>
         <run_address>0x2000f586</run_address>
         <size>0x6a</size>
         <input_file_ref idref="fl-45"/>
      </object_component>
      <object_component id="oc-1ef">
         <name>.text.I2CCC32XX_initHw</name>
         <load_address>0x2000f5f0</load_address>
         <run_address>0x2000f5f0</run_address>
         <size>0x68</size>
         <input_file_ref idref="fl-17"/>
      </object_component>
      <object_component id="oc-263">
         <name>.text.IntPendClear</name>
         <load_address>0x2000f658</load_address>
         <run_address>0x2000f658</run_address>
         <size>0x68</size>
         <input_file_ref idref="fl-2c"/>
      </object_component>
      <object_component id="oc-291">
         <name>.text.I2CCC32XX_primeWriteBurst</name>
         <load_address>0x2000f6c0</load_address>
         <run_address>0x2000f6c0</run_address>
         <size>0x66</size>
         <input_file_ref idref="fl-17"/>
      </object_component>
      <object_component id="oc-34f">
         <name>.text.__aeabi_ldiv0</name>
         <load_address>0x2000f726</load_address>
         <run_address>0x2000f726</run_address>
         <size>0x2</size>
         <input_file_ref idref="fl-b3"/>
      </object_component>
      <object_component id="oc-e8">
         <name>.text.GPIO_write</name>
         <load_address>0x2000f728</load_address>
         <run_address>0x2000f728</run_address>
         <size>0x60</size>
         <input_file_ref idref="fl-15"/>
      </object_component>
      <object_component id="oc-27f">
         <name>.text.UART2Support_dmaStopTx</name>
         <load_address>0x2000f788</load_address>
         <run_address>0x2000f788</run_address>
         <size>0x60</size>
         <input_file_ref idref="fl-1d"/>
      </object_component>
      <object_component id="oc-35b">
         <name>.text.FlashDisable</name>
         <load_address>0x2000f7e8</load_address>
         <run_address>0x2000f7e8</run_address>
         <size>0x5c</size>
         <input_file_ref idref="fl-35"/>
      </object_component>
      <object_component id="oc-296">
         <name>.text.I2CSupport_primeTransfer</name>
         <load_address>0x2000f844</load_address>
         <run_address>0x2000f844</run_address>
         <size>0x5c</size>
         <input_file_ref idref="fl-17"/>
      </object_component>
      <object_component id="oc-1a7">
         <name>.text.PRCMHibernateWakeupSourceDisable</name>
         <load_address>0x2000f8a0</load_address>
         <run_address>0x2000f8a0</run_address>
         <size>0x5c</size>
         <input_file_ref idref="fl-2e"/>
      </object_component>
      <object_component id="oc-1fc">
         <name>.text.TimerCC32XX_allocateTimerResource</name>
         <load_address>0x2000f8fc</load_address>
         <run_address>0x2000f8fc</run_address>
         <size>0x5c</size>
         <input_file_ref idref="fl-1b"/>
      </object_component>
      <object_component id="oc-115">
         <name>.text.PRCMPeripheralClkEnable</name>
         <load_address>0x2000f958</load_address>
         <run_address>0x2000f958</run_address>
         <size>0x5a</size>
         <input_file_ref idref="fl-2e"/>
      </object_component>
      <object_component id="oc-193">
         <name>.text._nop</name>
         <load_address>0x2000f9b2</load_address>
         <run_address>0x2000f9b2</run_address>
         <size>0x2</size>
         <input_file_ref idref="fl-4d"/>
      </object_component>
      <object_component id="oc-2d4">
         <name>.text.ClockP_startup</name>
         <load_address>0x2000f9b4</load_address>
         <run_address>0x2000f9b4</run_address>
         <size>0x58</size>
         <input_file_ref idref="fl-23"/>
      </object_component>
      <object_component id="oc-265">
         <name>.text.IntPrioritySet</name>
         <load_address>0x2000fa0c</load_address>
         <run_address>0x2000fa0c</run_address>
         <size>0x58</size>
         <input_file_ref idref="fl-2c"/>
      </object_component>
      <object_component id="oc-2ec">
         <name>.text.PRCMLPDSEnter</name>
         <load_address>0x2000fa64</load_address>
         <run_address>0x2000fa64</run_address>
         <size>0x56</size>
         <input_file_ref idref="fl-2e"/>
      </object_component>
      <object_component id="oc-4e">
         <name>.text.busFaultHandler</name>
         <load_address>0x2000faba</load_address>
         <run_address>0x2000faba</run_address>
         <size>0x2</size>
         <input_file_ref idref="fl-26"/>
      </object_component>
      <object_component id="oc-1c7">
         <name>.text.PowerCC32XX_setParkState</name>
         <load_address>0x2000fabc</load_address>
         <run_address>0x2000fabc</run_address>
         <size>0x54</size>
         <input_file_ref idref="fl-18"/>
      </object_component>
      <object_component id="oc-272">
         <name>.text.Power_releaseDependency</name>
         <load_address>0x2000fb10</load_address>
         <run_address>0x2000fb10</run_address>
         <size>0x54</size>
         <input_file_ref idref="fl-18"/>
      </object_component>
      <object_component id="oc-178">
         <name>.text.GPIO_hwiIntFxn</name>
         <load_address>0x2000fb64</load_address>
         <run_address>0x2000fb64</run_address>
         <size>0x50</size>
         <input_file_ref idref="fl-15"/>
      </object_component>
      <object_component id="oc-1a6">
         <name>.text.PRCMHibernateWakeupSourceEnable</name>
         <load_address>0x2000fbb4</load_address>
         <run_address>0x2000fbb4</run_address>
         <size>0x50</size>
         <input_file_ref idref="fl-2e"/>
      </object_component>
      <object_component id="oc-23d">
         <name>.text.SemaphoreP_construct</name>
         <load_address>0x2000fc04</load_address>
         <run_address>0x2000fc04</run_address>
         <size>0x50</size>
         <input_file_ref idref="fl-22"/>
      </object_component>
      <object_component id="oc-25e">
         <name>.text.uDMAChannelAssign</name>
         <load_address>0x2000fc54</load_address>
         <run_address>0x2000fc54</run_address>
         <size>0x4e</size>
         <input_file_ref idref="fl-33"/>
      </object_component>
      <object_component id="oc-1bb">
         <name>.text.clkFxn</name>
         <load_address>0x2000fca2</load_address>
         <run_address>0x2000fca2</run_address>
         <size>0x2</size>
         <input_file_ref idref="fl-22"/>
      </object_component>
      <object_component id="oc-174">
         <name>.text.GPIO_setInterruptConfig</name>
         <load_address>0x2000fca4</load_address>
         <run_address>0x2000fca4</run_address>
         <size>0x4c</size>
         <input_file_ref idref="fl-15"/>
      </object_component>
      <object_component id="oc-359">
         <name>.text.PRCMLPDSRestoreInfoSet</name>
         <load_address>0x2000fcf0</load_address>
         <run_address>0x2000fcf0</run_address>
         <size>0x4c</size>
         <input_file_ref idref="fl-2e"/>
      </object_component>
      <object_component id="oc-200">
         <name>.text.initHw</name>
         <load_address>0x2000fd3c</load_address>
         <run_address>0x2000fd3c</run_address>
         <size>0x4c</size>
         <input_file_ref idref="fl-1b"/>
      </object_component>
      <object_component id="oc-27b">
         <name>.text.UART2Support_dmaStopRx</name>
         <load_address>0x2000fd88</load_address>
         <run_address>0x2000fd88</run_address>
         <size>0x4a</size>
         <input_file_ref idref="fl-1d"/>
      </object_component>
      <object_component id="oc-1ff">
         <name>.text.getPrescaler</name>
         <load_address>0x2000fdd2</load_address>
         <run_address>0x2000fdd2</run_address>
         <size>0x4a</size>
         <input_file_ref idref="fl-1b"/>
      </object_component>
      <object_component id="oc-301">
         <name>.text.uDMAChannelSizeGet</name>
         <load_address>0x2000fe1c</load_address>
         <run_address>0x2000fe1c</run_address>
         <size>0x4a</size>
         <input_file_ref idref="fl-33"/>
      </object_component>
      <object_component id="oc-4d">
         <name>.text.defaultHandler</name>
         <load_address>0x2000fe66</load_address>
         <run_address>0x2000fe66</run_address>
         <size>0x2</size>
         <input_file_ref idref="fl-26"/>
      </object_component>
      <object_component id="oc-4f">
         <name>.text.ClockP_sysTickHandler</name>
         <load_address>0x2000fe68</load_address>
         <run_address>0x2000fe68</run_address>
         <size>0x48</size>
         <input_file_ref idref="fl-23"/>
      </object_component>
      <object_component id="oc-2e6">
         <name>.text.PRCMIntEnable</name>
         <load_address>0x2000feb0</load_address>
         <run_address>0x2000feb0</run_address>
         <size>0x48</size>
         <input_file_ref idref="fl-2e"/>
      </object_component>
      <object_component id="oc-209">
         <name>.text.PRCMPeripheralStatusGet</name>
         <load_address>0x2000fef8</load_address>
         <run_address>0x2000fef8</run_address>
         <size>0x48</size>
         <input_file_ref idref="fl-2e"/>
      </object_component>
      <object_component id="oc-356">
         <name>.text.PinConfigGet</name>
         <load_address>0x2000ff40</load_address>
         <run_address>0x2000ff40</run_address>
         <size>0x48</size>
         <input_file_ref idref="fl-2d"/>
      </object_component>
      <object_component id="oc-2b7">
         <name>.text.atoi</name>
         <load_address>0x2000ff88</load_address>
         <run_address>0x2000ff88</run_address>
         <size>0x48</size>
         <input_file_ref idref="fl-51"/>
      </object_component>
      <object_component id="oc-185">
         <name>.text</name>
         <load_address>0x2000ffd0</load_address>
         <run_address>0x2000ffd0</run_address>
         <size>0x48</size>
         <input_file_ref idref="fl-ab"/>
      </object_component>
      <object_component id="oc-28f">
         <name>.text.I2CCC32XX_fillTransmitFifo</name>
         <load_address>0x20010018</load_address>
         <run_address>0x20010018</run_address>
         <size>0x46</size>
         <input_file_ref idref="fl-17"/>
      </object_component>
      <object_component id="oc-2eb">
         <name>.text.PRCMLPDSEnterKeepDebugIf</name>
         <load_address>0x2001005e</load_address>
         <run_address>0x2001005e</run_address>
         <size>0x46</size>
         <input_file_ref idref="fl-2e"/>
      </object_component>
      <object_component id="oc-2ff">
         <name>.text.RingBuf_put</name>
         <load_address>0x200100a4</load_address>
         <run_address>0x200100a4</run_address>
         <size>0x46</size>
         <input_file_ref idref="fl-1f"/>
      </object_component>
      <object_component id="oc-16e">
         <name>.text.GPIODirModeSet</name>
         <load_address>0x200100ea</load_address>
         <run_address>0x200100ea</run_address>
         <size>0x44</size>
         <input_file_ref idref="fl-29"/>
      </object_component>
      <object_component id="oc-4c">
         <name>.text.faultISR</name>
         <load_address>0x2001012e</load_address>
         <run_address>0x2001012e</run_address>
         <size>0x2</size>
         <input_file_ref idref="fl-26"/>
      </object_component>
      <object_component id="oc-20e">
         <name>.text.GPIO_disableInt</name>
         <load_address>0x20010130</load_address>
         <run_address>0x20010130</run_address>
         <size>0x44</size>
         <input_file_ref idref="fl-15"/>
      </object_component>
      <object_component id="oc-ee">
         <name>.text.GPIO_enableInt</name>
         <load_address>0x20010174</load_address>
         <run_address>0x20010174</run_address>
         <size>0x44</size>
         <input_file_ref idref="fl-15"/>
      </object_component>
      <object_component id="oc-27e">
         <name>.text.Power_releaseConstraint</name>
         <load_address>0x200101b8</load_address>
         <run_address>0x200101b8</run_address>
         <size>0x44</size>
         <input_file_ref idref="fl-18"/>
      </object_component>
      <object_component id="oc-167">
         <name>.text.Timer_start</name>
         <load_address>0x200101fc</load_address>
         <run_address>0x200101fc</run_address>
         <size>0x44</size>
         <input_file_ref idref="fl-1a"/>
      </object_component>
      <object_component id="oc-73">
         <name>.text.addToList</name>
         <load_address>0x20010240</load_address>
         <run_address>0x20010240</run_address>
         <size>0x44</size>
         <input_file_ref idref="fl-23"/>
      </object_component>
      <object_component id="oc-e6">
         <name>.text.initTimer</name>
         <load_address>0x20010284</load_address>
         <run_address>0x20010284</run_address>
         <size>0x44</size>
         <input_file_ref idref="fl-1"/>
      </object_component>
      <object_component id="oc-f0">
         <name>.text.snprintf</name>
         <load_address>0x200102c8</load_address>
         <run_address>0x200102c8</run_address>
         <size>0x44</size>
         <input_file_ref idref="fl-41"/>
      </object_component>
      <object_component id="oc-11d">
         <name>.text.PinModeSet</name>
         <load_address>0x2001030c</load_address>
         <run_address>0x2001030c</run_address>
         <size>0x42</size>
         <input_file_ref idref="fl-2d"/>
      </object_component>
      <object_component id="oc-2a6">
         <name>.text.TimerControlStall</name>
         <load_address>0x2001034e</load_address>
         <run_address>0x2001034e</run_address>
         <size>0x42</size>
         <input_file_ref idref="fl-31"/>
      </object_component>
      <object_component id="oc-1fe">
         <name>.text.Timer_close</name>
         <load_address>0x20010390</load_address>
         <run_address>0x20010390</run_address>
         <size>0x42</size>
         <input_file_ref idref="fl-1b"/>
      </object_component>
      <object_component id="oc-229">
         <name>.text.getCountsRTC</name>
         <load_address>0x200103d2</load_address>
         <run_address>0x200103d2</run_address>
         <size>0x42</size>
         <input_file_ref idref="fl-25"/>
      </object_component>
      <object_component id="oc-131">
         <name>.text.SemaphoreP_post</name>
         <load_address>0x20010414</load_address>
         <run_address>0x20010414</run_address>
         <size>0x40</size>
         <input_file_ref idref="fl-22"/>
      </object_component>
      <object_component id="oc-29c">
         <name>.text.Timer_stop</name>
         <load_address>0x20010454</load_address>
         <run_address>0x20010454</run_address>
         <size>0x40</size>
         <input_file_ref idref="fl-1a"/>
      </object_component>
      <object_component id="oc-306">
         <name>.text.uDMAChannelControlSet</name>
         <load_address>0x20010494</load_address>
         <run_address>0x20010494</run_address>
         <size>0x40</size>
         <input_file_ref idref="fl-33"/>
      </object_component>
      <object_component id="oc-358">
         <name>.text.PinDirModeSet</name>
         <load_address>0x200104d4</load_address>
         <run_address>0x200104d4</run_address>
         <size>0x3e</size>
         <input_file_ref idref="fl-2d"/>
      </object_component>
      <object_component id="oc-4b">
         <name>.text.nmiISR</name>
         <load_address>0x20010512</load_address>
         <run_address>0x20010512</run_address>
         <size>0x2</size>
         <input_file_ref idref="fl-26"/>
      </object_component>
      <object_component id="oc-241">
         <name>.text.ClockP_stop</name>
         <load_address>0x20010514</load_address>
         <run_address>0x20010514</run_address>
         <size>0x3c</size>
         <input_file_ref idref="fl-23"/>
      </object_component>
      <object_component id="oc-1d4">
         <name>.text.UDMACC32XX_init</name>
         <load_address>0x20010550</load_address>
         <run_address>0x20010550</run_address>
         <size>0x3c</size>
         <input_file_ref idref="fl-20"/>
      </object_component>
      <object_component id="oc-168">
         <name>.text.timerCallback</name>
         <load_address>0x2001058c</load_address>
         <run_address>0x2001058c</run_address>
         <size>0x3c</size>
         <input_file_ref idref="fl-1"/>
      </object_component>
      <object_component id="oc-208">
         <name>.text.TimerSupport_timerEnable</name>
         <load_address>0x200105c8</load_address>
         <run_address>0x200105c8</run_address>
         <size>0x3a</size>
         <input_file_ref idref="fl-1b"/>
      </object_component>
      <object_component id="oc-1ba">
         <name>.text.ClockP_destruct</name>
         <load_address>0x20010604</load_address>
         <run_address>0x20010604</run_address>
         <size>0x38</size>
         <input_file_ref idref="fl-23"/>
      </object_component>
      <object_component id="oc-2ab">
         <name>.text.Power_setConstraint</name>
         <load_address>0x2001063c</load_address>
         <run_address>0x2001063c</run_address>
         <size>0x38</size>
         <input_file_ref idref="fl-18"/>
      </object_component>
      <object_component id="oc-303">
         <name>.text.RingBuf_putAdvance</name>
         <load_address>0x20010674</load_address>
         <run_address>0x20010674</run_address>
         <size>0x38</size>
         <input_file_ref idref="fl-1f"/>
      </object_component>
      <object_component id="oc-23a">
         <name>.text.SwiP_restore</name>
         <load_address>0x200106ac</load_address>
         <run_address>0x200106ac</run_address>
         <size>0x38</size>
         <input_file_ref idref="fl-27"/>
      </object_component>
      <object_component id="oc-270">
         <name>.text.UDMACC32XX_close</name>
         <load_address>0x200106e4</load_address>
         <run_address>0x200106e4</run_address>
         <size>0x38</size>
         <input_file_ref idref="fl-20"/>
      </object_component>
      <object_component id="oc-b5">
         <name>.text:__TI_auto_init_nobinit_nopinit</name>
         <load_address>0x2001071c</load_address>
         <run_address>0x2001071c</run_address>
         <size>0x38</size>
         <input_file_ref idref="fl-54"/>
      </object_component>
      <object_component id="oc-2e1">
         <name>.text.PinLock</name>
         <load_address>0x20010754</load_address>
         <run_address>0x20010754</run_address>
         <size>0x36</size>
         <input_file_ref idref="fl-2d"/>
      </object_component>
      <object_component id="oc-205">
         <name>.text.TimerCC32XX_hwiIntFunction</name>
         <load_address>0x2001078a</load_address>
         <run_address>0x2001078a</run_address>
         <size>0x36</size>
         <input_file_ref idref="fl-1b"/>
      </object_component>
      <object_component id="oc-34c">
         <name>.text.UARTCharPutNonBlocking</name>
         <load_address>0x200107c0</load_address>
         <run_address>0x200107c0</run_address>
         <size>0x36</size>
         <input_file_ref idref="fl-32"/>
      </object_component>
      <object_component id="oc-1b7">
         <name>.text.ClockP_start</name>
         <load_address>0x200107f8</load_address>
         <run_address>0x200107f8</run_address>
         <size>0x34</size>
         <input_file_ref idref="fl-23"/>
      </object_component>
      <object_component id="oc-30d">
         <name>.text.I2CFIFODataPutNonBlocking</name>
         <load_address>0x2001082c</load_address>
         <run_address>0x2001082c</run_address>
         <size>0x34</size>
         <input_file_ref idref="fl-2b"/>
      </object_component>
      <object_component id="oc-357">
         <name>.text.PinDirModeGet</name>
         <load_address>0x20010860</load_address>
         <run_address>0x20010860</run_address>
         <size>0x34</size>
         <input_file_ref idref="fl-2d"/>
      </object_component>
      <object_component id="oc-118">
         <name>.text.PinModeGet</name>
         <load_address>0x20010894</load_address>
         <run_address>0x20010894</run_address>
         <size>0x34</size>
         <input_file_ref idref="fl-2d"/>
      </object_component>
      <object_component id="oc-2df">
         <name>.text.PowerCC32XX_parkPin</name>
         <load_address>0x200108c8</load_address>
         <run_address>0x200108c8</run_address>
         <size>0x34</size>
         <input_file_ref idref="fl-18"/>
      </object_component>
      <object_component id="oc-29e">
         <name>.text.TimerCC32XX_freeTimerResource</name>
         <load_address>0x200108fc</load_address>
         <run_address>0x200108fc</run_address>
         <size>0x34</size>
         <input_file_ref idref="fl-1b"/>
      </object_component>
      <object_component id="oc-26c">
         <name>.text.UART2_rxDisable</name>
         <load_address>0x20010930</load_address>
         <run_address>0x20010930</run_address>
         <size>0x34</size>
         <input_file_ref idref="fl-1c"/>
      </object_component>
      <object_component id="oc-46">
         <name>.text.initVectors</name>
         <load_address>0x20010964</load_address>
         <run_address>0x20010964</run_address>
         <size>0x34</size>
         <input_file_ref idref="fl-26"/>
      </object_component>
      <object_component id="oc-226">
         <name>.text.ClockP_getTicksUntilInterrupt</name>
         <load_address>0x20010998</load_address>
         <run_address>0x20010998</run_address>
         <size>0x30</size>
         <input_file_ref idref="fl-23"/>
      </object_component>
      <object_component id="oc-28e">
         <name>.text.I2CFIFODataGetNonBlocking</name>
         <load_address>0x200109c8</load_address>
         <run_address>0x200109c8</run_address>
         <size>0x30</size>
         <input_file_ref idref="fl-2b"/>
      </object_component>
      <object_component id="oc-233">
         <name>.text.PRCMLPDSIntervalSet</name>
         <load_address>0x200109f8</load_address>
         <run_address>0x200109f8</run_address>
         <size>0x30</size>
         <input_file_ref idref="fl-2e"/>
      </object_component>
      <object_component id="oc-2d5">
         <name>.text.PRCMSlowClkCtrFastGet</name>
         <load_address>0x20010a28</load_address>
         <run_address>0x20010a28</run_address>
         <size>0x30</size>
         <input_file_ref idref="fl-2e"/>
      </object_component>
      <object_component id="oc-2a5">
         <name>.text.TimerLoadSet</name>
         <load_address>0x20010a58</load_address>
         <run_address>0x20010a58</run_address>
         <size>0x30</size>
         <input_file_ref idref="fl-31"/>
      </object_component>
      <object_component id="oc-2a4">
         <name>.text.TimerPrescaleSet</name>
         <load_address>0x20010a88</load_address>
         <run_address>0x20010a88</run_address>
         <size>0x30</size>
         <input_file_ref idref="fl-31"/>
      </object_component>
      <object_component id="oc-18c">
         <name>.text._outs</name>
         <load_address>0x20010ab8</load_address>
         <run_address>0x20010ab8</run_address>
         <size>0x30</size>
         <input_file_ref idref="fl-41"/>
      </object_component>
      <object_component id="oc-e4">
         <name>.text.initUART</name>
         <load_address>0x20010ae8</load_address>
         <run_address>0x20010ae8</run_address>
         <size>0x30</size>
         <input_file_ref idref="fl-1"/>
      </object_component>
      <object_component id="oc-2dd">
         <name>.text.notify</name>
         <load_address>0x20010b18</load_address>
         <run_address>0x20010b18</run_address>
         <size>0x30</size>
         <input_file_ref idref="fl-18"/>
      </object_component>
      <object_component id="oc-210">
         <name>.text.GPIOIntStatus</name>
         <load_address>0x20010b48</load_address>
         <run_address>0x20010b48</run_address>
         <size>0x2e</size>
         <input_file_ref idref="fl-29"/>
      </object_component>
      <object_component id="oc-30a">
         <name>.text.RingBuf_getConsume</name>
         <load_address>0x20010b76</load_address>
         <run_address>0x20010b76</run_address>
         <size>0x2e</size>
         <input_file_ref idref="fl-1f"/>
      </object_component>
      <object_component id="oc-305">
         <name>.text.RingBuf_putPointer</name>
         <load_address>0x20010ba4</load_address>
         <run_address>0x20010ba4</run_address>
         <size>0x2e</size>
         <input_file_ref idref="fl-1f"/>
      </object_component>
      <object_component id="oc-26d">
         <name>.text.UARTDisable</name>
         <load_address>0x20010bd2</load_address>
         <run_address>0x20010bd2</run_address>
         <size>0x2e</size>
         <input_file_ref idref="fl-32"/>
      </object_component>
      <object_component id="oc-17d">
         <name>.text</name>
         <load_address>0x20010c00</load_address>
         <run_address>0x20010c00</run_address>
         <size>0x2e</size>
         <input_file_ref idref="fl-ac"/>
      </object_component>
      <object_component id="oc-28d">
         <name>.text.I2CMasterIntStatusEx</name>
         <load_address>0x20010c2e</load_address>
         <run_address>0x20010c2e</run_address>
         <size>0x2c</size>
         <input_file_ref idref="fl-2b"/>
      </object_component>
      <object_component id="oc-278">
         <name>.text.UART2CC32XX_getRxData</name>
         <load_address>0x20010c5a</load_address>
         <run_address>0x20010c5a</run_address>
         <size>0x2c</size>
         <input_file_ref idref="fl-1d"/>
      </object_component>
      <object_component id="oc-16d">
         <name>.text.HwiP_create</name>
         <load_address>0x20010c86</load_address>
         <run_address>0x20010c86</run_address>
         <size>0x2a</size>
         <input_file_ref idref="fl-24"/>
      </object_component>
      <object_component id="oc-1a4">
         <name>.text.PRCMLPDSWakeUpGPIOSelect</name>
         <load_address>0x20010cb0</load_address>
         <run_address>0x20010cb0</run_address>
         <size>0x2a</size>
         <input_file_ref idref="fl-2e"/>
      </object_component>
      <object_component id="oc-117">
         <name>.text.PRCMPeripheralClkDisable</name>
         <load_address>0x20010cda</load_address>
         <run_address>0x20010cda</run_address>
         <size>0x2a</size>
         <input_file_ref idref="fl-2e"/>
      </object_component>
      <object_component id="oc-277">
         <name>.text.UARTIntStatus</name>
         <load_address>0x20010d04</load_address>
         <run_address>0x20010d04</run_address>
         <size>0x2a</size>
         <input_file_ref idref="fl-32"/>
      </object_component>
      <object_component id="oc-312">
         <name>.text.I2CMasterBusBusy</name>
         <load_address>0x20010d2e</load_address>
         <run_address>0x20010d2e</run_address>
         <size>0x28</size>
         <input_file_ref idref="fl-2b"/>
      </object_component>
      <object_component id="oc-30e">
         <name>.text.I2CMasterSlaveAddrSet</name>
         <load_address>0x20010d56</load_address>
         <run_address>0x20010d56</run_address>
         <size>0x28</size>
         <input_file_ref idref="fl-2b"/>
      </object_component>
      <object_component id="oc-288">
         <name>.text.I2CTxFIFOConfigSet</name>
         <load_address>0x20010d7e</load_address>
         <run_address>0x20010d7e</run_address>
         <size>0x28</size>
         <input_file_ref idref="fl-2b"/>
      </object_component>
      <object_component id="oc-299">
         <name>.text.I2C_cancel</name>
         <load_address>0x20010da6</load_address>
         <run_address>0x20010da6</run_address>
         <size>0x28</size>
         <input_file_ref idref="fl-16"/>
      </object_component>
      <object_component id="oc-2fd">
         <name>.text.List_remove</name>
         <load_address>0x20010dce</load_address>
         <run_address>0x20010dce</run_address>
         <size>0x28</size>
         <input_file_ref idref="fl-1e"/>
      </object_component>
      <object_component id="oc-2de">
         <name>.text.PRCMSRAMRetentionEnable</name>
         <load_address>0x20010df6</load_address>
         <run_address>0x20010df6</run_address>
         <size>0x28</size>
         <input_file_ref idref="fl-2e"/>
      </object_component>
      <object_component id="oc-1d2">
         <name>.text.PowerCC32XX_getParkState</name>
         <load_address>0x20010e20</load_address>
         <run_address>0x20010e20</run_address>
         <size>0x28</size>
         <input_file_ref idref="fl-18"/>
      </object_component>
      <object_component id="oc-314">
         <name>.text.TimerSupport_timerDisable</name>
         <load_address>0x20010e48</load_address>
         <run_address>0x20010e48</run_address>
         <size>0x28</size>
         <input_file_ref idref="fl-1b"/>
      </object_component>
      <object_component id="oc-240">
         <name>.text.free_list_insert</name>
         <load_address>0x20010e70</load_address>
         <run_address>0x20010e70</run_address>
         <size>0x28</size>
         <input_file_ref idref="fl-42"/>
      </object_component>
      <object_component id="oc-289">
         <name>.text.I2CRxFIFOConfigSet</name>
         <load_address>0x20010e98</load_address>
         <run_address>0x20010e98</run_address>
         <size>0x24</size>
         <input_file_ref idref="fl-2b"/>
      </object_component>
      <object_component id="oc-2fc">
         <name>.text.IntUnregister</name>
         <load_address>0x20010ebc</load_address>
         <run_address>0x20010ebc</run_address>
         <size>0x24</size>
         <input_file_ref idref="fl-2c"/>
      </object_component>
      <object_component id="oc-1bc">
         <name>.text.List_put</name>
         <load_address>0x20010ee0</load_address>
         <run_address>0x20010ee0</run_address>
         <size>0x24</size>
         <input_file_ref idref="fl-1e"/>
      </object_component>
      <object_component id="oc-1a2">
         <name>.text.PRCMLPDSWakeupSourceEnable</name>
         <load_address>0x20010f04</load_address>
         <run_address>0x20010f04</run_address>
         <size>0x24</size>
         <input_file_ref idref="fl-2e"/>
      </object_component>
      <object_component id="oc-273">
         <name>.text.PowerCC32XX_restoreParkState</name>
         <load_address>0x20010f28</load_address>
         <run_address>0x20010f28</run_address>
         <size>0x24</size>
         <input_file_ref idref="fl-18"/>
      </object_component>
      <object_component id="oc-2e8">
         <name>.text.PowerCC32XX_restoreParkedPin</name>
         <load_address>0x20010f4c</load_address>
         <run_address>0x20010f4c</run_address>
         <size>0x24</size>
         <input_file_ref idref="fl-18"/>
      </object_component>
      <object_component id="oc-130">
         <name>.text.Power_registerNotify</name>
         <load_address>0x20010f70</load_address>
         <run_address>0x20010f70</run_address>
         <size>0x24</size>
         <input_file_ref idref="fl-18"/>
      </object_component>
      <object_component id="oc-2f9">
         <name>.text.UART2Support_disableRx</name>
         <load_address>0x20010f94</load_address>
         <run_address>0x20010f94</run_address>
         <size>0x24</size>
         <input_file_ref idref="fl-1d"/>
      </object_component>
      <object_component id="oc-6c">
         <name>.text:_c_int00_noargs</name>
         <load_address>0x20010fb8</load_address>
         <run_address>0x20010fb8</run_address>
         <size>0x24</size>
         <input_file_ref idref="fl-46"/>
      </object_component>
      <object_component id="oc-173">
         <name>.text.GPIOPinWrite</name>
         <load_address>0x20010fdc</load_address>
         <run_address>0x20010fdc</run_address>
         <size>0x22</size>
         <input_file_ref idref="fl-29"/>
      </object_component>
      <object_component id="oc-2e7">
         <name>.text.PinUnlock</name>
         <load_address>0x20010ffe</load_address>
         <run_address>0x20010ffe</run_address>
         <size>0x22</size>
         <input_file_ref idref="fl-2d"/>
      </object_component>
      <object_component id="oc-30b">
         <name>.text.RingBuf_getPointer</name>
         <load_address>0x20011020</load_address>
         <run_address>0x20011020</run_address>
         <size>0x22</size>
         <input_file_ref idref="fl-1f"/>
      </object_component>
      <object_component id="oc-2ce">
         <name>.text.UART2Support_sendData</name>
         <load_address>0x20011042</load_address>
         <run_address>0x20011042</run_address>
         <size>0x22</size>
         <input_file_ref idref="fl-1d"/>
      </object_component>
      <object_component id="oc-264">
         <name>.text.IntRegister</name>
         <load_address>0x20011064</load_address>
         <run_address>0x20011064</run_address>
         <size>0x20</size>
         <input_file_ref idref="fl-2c"/>
      </object_component>
      <object_component id="oc-1ee">
         <name>.text.PinTypeI2C</name>
         <load_address>0x20011084</load_address>
         <run_address>0x20011084</run_address>
         <size>0x20</size>
         <input_file_ref idref="fl-2d"/>
      </object_component>
      <object_component id="oc-1ca">
         <name>.text.PowerCC32XX_reset</name>
         <load_address>0x200110a4</load_address>
         <run_address>0x200110a4</run_address>
         <size>0x20</size>
         <input_file_ref idref="fl-18"/>
      </object_component>
      <object_component id="oc-271">
         <name>.text.Power_unregisterNotify</name>
         <load_address>0x200110c4</load_address>
         <run_address>0x200110c4</run_address>
         <size>0x20</size>
         <input_file_ref idref="fl-18"/>
      </object_component>
      <object_component id="oc-1de">
         <name>.text.SemaphoreP_constructBinary</name>
         <load_address>0x200110e4</load_address>
         <run_address>0x200110e4</run_address>
         <size>0x20</size>
         <input_file_ref idref="fl-22"/>
      </object_component>
      <object_component id="oc-126">
         <name>.text.SemaphoreP_createBinary</name>
         <load_address>0x20011104</load_address>
         <run_address>0x20011104</run_address>
         <size>0x20</size>
         <input_file_ref idref="fl-22"/>
      </object_component>
      <object_component id="oc-29f">
         <name>.text.TimerDisable</name>
         <load_address>0x20011124</load_address>
         <run_address>0x20011124</run_address>
         <size>0x20</size>
         <input_file_ref idref="fl-31"/>
      </object_component>
      <object_component id="oc-247">
         <name>.text.PinTypeUART</name>
         <load_address>0x20011144</load_address>
         <run_address>0x20011144</run_address>
         <size>0x1e</size>
         <input_file_ref idref="fl-2d"/>
      </object_component>
      <object_component id="oc-25a">
         <name>.text.UARTEnable</name>
         <load_address>0x20011162</load_address>
         <run_address>0x20011162</run_address>
         <size>0x1e</size>
         <input_file_ref idref="fl-32"/>
      </object_component>
      <object_component id="oc-2b0">
         <name>.text.memccpy</name>
         <load_address>0x20011180</load_address>
         <run_address>0x20011180</run_address>
         <size>0x1e</size>
         <input_file_ref idref="fl-53"/>
      </object_component>
      <object_component id="oc-300">
         <name>.text.uDMAChannelDisable</name>
         <load_address>0x2001119e</load_address>
         <run_address>0x2001119e</run_address>
         <size>0x1e</size>
         <input_file_ref idref="fl-33"/>
      </object_component>
      <object_component id="oc-308">
         <name>.text.uDMAChannelEnable</name>
         <load_address>0x200111bc</load_address>
         <run_address>0x200111bc</run_address>
         <size>0x1e</size>
         <input_file_ref idref="fl-33"/>
      </object_component>
      <object_component id="oc-27a">
         <name>.text.uDMAChannelIsEnabled</name>
         <load_address>0x200111da</load_address>
         <run_address>0x200111da</run_address>
         <size>0x1e</size>
         <input_file_ref idref="fl-33"/>
      </object_component>
      <object_component id="oc-e9">
         <name>.text.GPIO_setCallback</name>
         <load_address>0x200111f8</load_address>
         <run_address>0x200111f8</run_address>
         <size>0x1c</size>
         <input_file_ref idref="fl-14"/>
      </object_component>
      <object_component id="oc-269">
         <name>.text.HwiP_dispatch</name>
         <load_address>0x20011214</load_address>
         <run_address>0x20011214</run_address>
         <size>0x1c</size>
         <input_file_ref idref="fl-24"/>
      </object_component>
      <object_component id="oc-21f">
         <name>.text.SwiP_disable</name>
         <load_address>0x20011230</load_address>
         <run_address>0x20011230</run_address>
         <size>0x1c</size>
         <input_file_ref idref="fl-27"/>
      </object_component>
      <object_component id="oc-23f">
         <name>.text.free_list_remove</name>
         <load_address>0x2001124c</load_address>
         <run_address>0x2001124c</run_address>
         <size>0x1c</size>
         <input_file_ref idref="fl-42"/>
      </object_component>
      <object_component id="oc-29a">
         <name>.text.getPowerMgrId</name>
         <load_address>0x20011268</load_address>
         <run_address>0x20011268</run_address>
         <size>0x1c</size>
         <input_file_ref idref="fl-1b"/>
      </object_component>
      <object_component id="oc-21">
         <name>.text.resetISR</name>
         <load_address>0x20011284</load_address>
         <run_address>0x20011284</run_address>
         <size>0x1c</size>
         <input_file_ref idref="fl-26"/>
      </object_component>
      <object_component id="oc-2ae">
         <name>.text.GPIOIntDisable</name>
         <load_address>0x200112a0</load_address>
         <run_address>0x200112a0</run_address>
         <size>0x1a</size>
         <input_file_ref idref="fl-29"/>
      </object_component>
      <object_component id="oc-114">
         <name>.text.PRCMHIBRegRead</name>
         <load_address>0x200112ba</load_address>
         <run_address>0x200112ba</run_address>
         <size>0x1a</size>
         <input_file_ref idref="fl-2e"/>
      </object_component>
      <object_component id="oc-113">
         <name>.text.PRCMHIBRegWrite</name>
         <load_address>0x200112d4</load_address>
         <run_address>0x200112d4</run_address>
         <size>0x1a</size>
         <input_file_ref idref="fl-2e"/>
      </object_component>
      <object_component id="oc-1a3">
         <name>.text.PRCMLPDSWakeupSourceDisable</name>
[...]
      </symbol>
      <symbol id="sm-50c">
         <name>PinLockLevelSet</name>
         <value>0x2000f301</value>
         <object_component_ref idref="oc-2e0"/>
      </symbol>
      <symbol id="sm-50d">
         <name>PinModeGet</name>
         <value>0x20010895</value>
         <object_component_ref idref="oc-118"/>
      </symbol>
      <symbol id="sm-50e">
         <name>PinModeSet</name>
         <value>0x2001030d</value>
         <object_component_ref idref="oc-11d"/>
      </symbol>
      <symbol id="sm-50f">
         <name>PinToPadGet</name>
         <value>0x20011309</value>
         <object_component_ref idref="oc-274"/>
      </symbol>
      <symbol id="sm-510">
         <name>PinTypeI2C</name>
         <value>0x20011085</value>
         <object_component_ref idref="oc-1ee"/>
      </symbol>
      <symbol id="sm-511">
         <name>PinTypeUART</name>
         <value>0x20011145</value>
         <object_component_ref idref="oc-247"/>
      </symbol>
      <symbol id="sm-512">
         <name>PinUnlock</name>
         <value>0x20010fff</value>
         <object_component_ref idref="oc-2e7"/>
      </symbol>
      <symbol id="sm-5c4">
         <name>PRCMCC3200MCUInit</name>
         <value>0x2000c885</value>
         <object_component_ref idref="oc-c8"/>
      </symbol>
      <symbol id="sm-5c5">
         <name>PRCMHIBRegRead</name>
         <value>0x200112bb</value>
         <object_component_ref idref="oc-114"/>
      </symbol>
      <symbol id="sm-5c6">
         <name>PRCMHIBRegWrite</name>
         <value>0x200112d5</value>
         <object_component_ref idref="oc-113"/>
      </symbol>
      <symbol id="sm-5c7">
         <name>PRCMHibernateWakeUpGPIOSelect</name>
         <value>0x2000f219</value>
         <object_component_ref idref="oc-1a5"/>
      </symbol>
      <symbol id="sm-5c8">
         <name>PRCMHibernateWakeupSourceDisable</name>
         <value>0x2000f8a1</value>
         <object_component_ref idref="oc-1a7"/>
      </symbol>
      <symbol id="sm-5c9">
         <name>PRCMHibernateWakeupSourceEnable</name>
         <value>0x2000fbb5</value>
         <object_component_ref idref="oc-1a6"/>
      </symbol>
      <symbol id="sm-5ca">
         <name>PRCMIntEnable</name>
         <value>0x2000feb1</value>
         <object_component_ref idref="oc-2e6"/>
      </symbol>
      <symbol id="sm-5cb">
         <name>PRCMLPDSEnter</name>
         <value>0x2000fa65</value>
         <object_component_ref idref="oc-2ec"/>
      </symbol>
      <symbol id="sm-5cc">
         <name>PRCMLPDSEnterKeepDebugIf</name>
         <value>0x2001005f</value>
         <object_component_ref idref="oc-2eb"/>
      </symbol>
      <symbol id="sm-5cd">
         <name>PRCMLPDSIntervalSet</name>
         <value>0x200109f9</value>
         <object_component_ref idref="oc-233"/>
      </symbol>
      <symbol id="sm-5ce">
         <name>PRCMLPDSRestoreInfoSet</name>
         <value>0x2000fcf1</value>
         <object_component_ref idref="oc-359"/>
      </symbol>
      <symbol id="sm-5cf">
         <name>PRCMLPDSWakeUpGPIOSelect</name>
         <value>0x20010cb1</value>
         <object_component_ref idref="oc-1a4"/>
      </symbol>
      <symbol id="sm-5d0">
         <name>PRCMLPDSWakeupCauseGet</name>
         <value>0x2001188f</value>
         <object_component_ref idref="oc-2e9"/>
      </symbol>
      <symbol id="sm-5d1">
         <name>PRCMLPDSWakeupSourceDisable</name>
         <value>0x200112ef</value>
         <object_component_ref idref="oc-1a3"/>
      </symbol>
      <symbol id="sm-5d2">
         <name>PRCMLPDSWakeupSourceEnable</name>
         <value>0x20010f05</value>
         <object_component_ref idref="oc-1a2"/>
      </symbol>
      <symbol id="sm-5d3">
         <name>PRCMPeripheralClkDisable</name>
         <value>0x20010cdb</value>
         <object_component_ref idref="oc-117"/>
      </symbol>
      <symbol id="sm-5d4">
         <name>PRCMPeripheralClkEnable</name>
         <value>0x2000f959</value>
         <object_component_ref idref="oc-115"/>
      </symbol>
      <symbol id="sm-5d5">
         <name>PRCMPeripheralReset</name>
         <value>0x2000f51d</value>
         <object_component_ref idref="oc-116"/>
      </symbol>
      <symbol id="sm-5d6">
         <name>PRCMPeripheralStatusGet</name>
         <value>0x2000fef9</value>
         <object_component_ref idref="oc-209"/>
      </symbol>
      <symbol id="sm-5d7">
         <name>PRCMSRAMRetentionEnable</name>
         <value>0x20010df7</value>
         <object_component_ref idref="oc-2de"/>
      </symbol>
      <symbol id="sm-5d8">
         <name>PRCMSleepEnter</name>
         <value>0x20011957</value>
         <object_component_ref idref="oc-239"/>
      </symbol>
      <symbol id="sm-5d9">
         <name>PRCMSlowClkCtrFastGet</name>
         <value>0x20010a29</value>
         <object_component_ref idref="oc-2d5"/>
      </symbol>
      <symbol id="sm-5da">
         <name>PRCMSysResetCauseGet</name>
         <value>0x2000ef99</value>
         <object_component_ref idref="oc-10e"/>
      </symbol>
      <symbol id="sm-5f8">
         <name>SysTickEnable</name>
         <value>0x2001164f</value>
         <object_component_ref idref="oc-237"/>
      </symbol>
      <symbol id="sm-5f9">
         <name>SysTickIntDisable</name>
         <value>0x20011661</value>
         <object_component_ref idref="oc-22e"/>
      </symbol>
      <symbol id="sm-5fa">
         <name>SysTickIntEnable</name>
         <value>0x20011673</value>
         <object_component_ref idref="oc-238"/>
      </symbol>
      <symbol id="sm-5fb">
         <name>SysTickPeriodSet</name>
         <value>0x2001140d</value>
         <object_component_ref idref="oc-236"/>
      </symbol>
      <symbol id="sm-63a">
         <name>TimerControlStall</name>
         <value>0x2001034f</value>
         <object_component_ref idref="oc-2a6"/>
      </symbol>
      <symbol id="sm-63b">
         <name>TimerDisable</name>
         <value>0x20011125</value>
         <object_component_ref idref="oc-29f"/>
      </symbol>
      <symbol id="sm-63c">
         <name>TimerEnable</name>
         <value>0x20011323</value>
         <object_component_ref idref="oc-2ac"/>
      </symbol>
      <symbol id="sm-63d">
         <name>TimerIntClear</name>
         <value>0x20011739</value>
         <object_component_ref idref="oc-2a9"/>
      </symbol>
      <symbol id="sm-63e">
         <name>TimerIntDisable</name>
         <value>0x20011423</value>
         <object_component_ref idref="oc-366"/>
      </symbol>
      <symbol id="sm-63f">
         <name>TimerIntEnable</name>
         <value>0x20011531</value>
         <object_component_ref idref="oc-2aa"/>
      </symbol>
      <symbol id="sm-640">
         <name>TimerLoadSet</name>
         <value>0x20010a59</value>
         <object_component_ref idref="oc-2a5"/>
      </symbol>
      <symbol id="sm-641">
         <name>TimerPrescaleSet</name>
         <value>0x20010a89</value>
         <object_component_ref idref="oc-2a4"/>
      </symbol>
      <symbol id="sm-6ab">
         <name>UARTBusy</name>
         <value>0x20011769</value>
         <object_component_ref idref="oc-34d"/>
      </symbol>
      <symbol id="sm-6ac">
         <name>UARTCharPutNonBlocking</name>
         <value>0x200107c1</value>
         <object_component_ref idref="oc-34c"/>
      </symbol>
      <symbol id="sm-6ad">
         <name>UARTCharsAvail</name>
         <value>0x20011439</value>
         <object_component_ref idref="oc-27c"/>
      </symbol>
      <symbol id="sm-6ae">
         <name>UARTConfigSetExpClk</name>
         <value>0x2000f28d</value>
         <object_component_ref idref="oc-254"/>
      </symbol>
      <symbol id="sm-6af">
         <name>UARTDMADisable</name>
         <value>0x2001144f</value>
         <object_component_ref idref="oc-26b"/>
      </symbol>
      <symbol id="sm-6b0">
         <name>UARTDMAEnable</name>
         <value>0x20011545</value>
         <object_component_ref idref="oc-309"/>
      </symbol>
      <symbol id="sm-6b1">
         <name>UARTDisable</name>
         <value>0x20010bd3</value>
         <object_component_ref idref="oc-26d"/>
      </symbol>
      <symbol id="sm-6b2">
         <name>UARTEnable</name>
         <value>0x20011163</value>
         <object_component_ref idref="oc-25a"/>
      </symbol>
      <symbol id="sm-6b3">
         <name>UARTFIFOLevelSet</name>
         <value>0x20011465</value>
         <object_component_ref idref="oc-25c"/>
      </symbol>
      <symbol id="sm-6b4">
         <name>UARTFlowControlSet</name>
         <value>0x2001133d</value>
         <object_component_ref idref="oc-25d"/>
      </symbol>
      <symbol id="sm-6b5">
         <name>UARTIntClear</name>
         <value>0x20011779</value>
         <object_component_ref idref="oc-259"/>
      </symbol>
      <symbol id="sm-6b6">
         <name>UARTIntDisable</name>
         <value>0x2001147b</value>
         <object_component_ref idref="oc-26a"/>
      </symbol>
      <symbol id="sm-6b7">
         <name>UARTIntEnable</name>
         <value>0x20011559</value>
         <object_component_ref idref="oc-25b"/>
      </symbol>
      <symbol id="sm-6b8">
         <name>UARTIntStatus</name>
         <value>0x20010d05</value>
         <object_component_ref idref="oc-277"/>
      </symbol>
      <symbol id="sm-6b9">
         <name>UARTRxErrorGet</name>
         <value>0x20011789</value>
         <object_component_ref idref="oc-279"/>
      </symbol>
      <symbol id="sm-712">
         <name>uDMAChannelAssign</name>
         <value>0x2000fc55</value>
         <object_component_ref idref="oc-25e"/>
      </symbol>
      <symbol id="sm-713">
         <name>uDMAChannelAttributeDisable</name>
         <value>0x2000ee77</value>
         <object_component_ref idref="oc-25f"/>
      </symbol>
      <symbol id="sm-714">
         <name>uDMAChannelControlSet</name>
         <value>0x20010495</value>
         <object_component_ref idref="oc-306"/>
      </symbol>
      <symbol id="sm-715">
         <name>uDMAChannelDisable</name>
         <value>0x2001119f</value>
         <object_component_ref idref="oc-300"/>
      </symbol>
      <symbol id="sm-716">
         <name>uDMAChannelEnable</name>
         <value>0x200111bd</value>
         <object_component_ref idref="oc-308"/>
      </symbol>
      <symbol id="sm-717">
         <name>uDMAChannelIsEnabled</name>
         <value>0x200111db</value>
         <object_component_ref idref="oc-27a"/>
      </symbol>
      <symbol id="sm-718">
         <name>uDMAChannelSizeGet</name>
         <value>0x2000fe1d</value>
         <object_component_ref idref="oc-301"/>
      </symbol>
      <symbol id="sm-719">
         <name>uDMAChannelTransferSet</name>
         <value>0x2000df55</value>
         <object_component_ref idref="oc-307"/>
      </symbol>
      <symbol id="sm-71a">
         <name>uDMAControlBaseSet</name>
         <value>0x20011581</value>
         <object_component_ref idref="oc-251"/>
      </symbol>
      <symbol id="sm-71b">
         <name>uDMAEnable</name>
         <value>0x2001180f</value>
         <object_component_ref idref="oc-24c"/>
      </symbol>
      <symbol id="sm-71c">
         <name>uDMAErrorStatusClear</name>
         <value>0x2001181d</value>
         <object_component_ref idref="oc-37a"/>
      </symbol>
      <symbol id="sm-71d">
         <name>uDMAErrorStatusGet</name>
         <value>0x200118e5</value>
         <object_component_ref idref="oc-379"/>
      </symbol>
      <symbol id="sm-71e">
         <name>uDMAIntClear</name>
         <value>0x20011595</value>
         <object_component_ref idref="oc-302"/>
      </symbol>
      <symbol id="sm-729">
         <name>UtilsDelay</name>
         <value>0x2001195f</value>
         <object_component_ref idref="oc-10f"/>
      </symbol>
      <symbol id="sm-756">
         <name>FlashDisable</name>
         <value>0x2000f7e9</value>
         <object_component_ref idref="oc-35b"/>
      </symbol>
      <symbol id="sm-767">
         <name>snprintf</name>
         <value>0x200102c9</value>
         <object_component_ref idref="oc-f0"/>
      </symbol>
      <symbol id="sm-787">
         <name>malloc</name>
         <value>0x20011971</value>
         <object_component_ref idref="oc-20a"/>
      </symbol>
      <symbol id="sm-788">
         <name>aligned_alloc</name>
         <value>0x2000de35</value>
         <object_component_ref idref="oc-2ad"/>
      </symbol>
      <symbol id="sm-789">
         <name>free</name>
         <value>0x2000e165</value>
         <object_component_ref idref="oc-1b4"/>
      </symbol>
      <symbol id="sm-78a">
         <name>_sys_memory</name>
         <value>0x20004040</value>
         <object_component_ref idref="oc-28"/>
      </symbol>
      <symbol id="sm-78b">
         <name>memalign</name>
         <value>0x2000de35</value>
         <object_component_ref idref="oc-2ad"/>
      </symbol>
      <symbol id="sm-795">
         <name>__TI_zero_init</name>
         <value>0x200117b9</value>
         <object_component_ref idref="oc-40"/>
      </symbol>
      <symbol id="sm-79e">
         <name>__TI_decompress_none</name>
         <value>0x20011839</value>
         <object_component_ref idref="oc-1c"/>
      </symbol>
      <symbol id="sm-7a8">
         <name>__TI_decompress_lzss</name>
         <value>0x2000f587</value>
         <object_component_ref idref="oc-18"/>
      </symbol>
      <symbol id="sm-7b3">
         <name>_c_int00_noargs</name>
         <value>0x20010fb9</value>
         <object_component_ref idref="oc-6c"/>
      </symbol>
      <symbol id="sm-7b4">
         <name>__stack</name>
         <value>0x20003000</value>
         <object_component_ref idref="oc-16"/>
      </symbol>
      <symbol id="sm-7d4">
         <name>__TI_printfi_nofloat</name>
         <value>0x2000c041</value>
         <object_component_ref idref="oc-21a"/>
      </symbol>
      <symbol id="sm-7e1">
         <name>__aeabi_errno_addr</name>
         <value>0x20011969</value>
         <object_component_ref idref="oc-2bf"/>
      </symbol>
      <symbol id="sm-7e2">
         <name>__aeabi_errno</name>
         <value>0x2001334c</value>
         <object_component_ref idref="oc-323"/>
      </symbol>
      <symbol id="sm-7ec">
         <name>abort</name>
         <value>0x200119b7</value>
         <object_component_ref idref="oc-ae"/>
      </symbol>
      <symbol id="sm-7ed">
         <name>C$$EXIT</name>
         <value>0x200119b6</value>
         <object_component_ref idref="oc-ae"/>
      </symbol>
      <symbol id="sm-7f6">
         <name>_nop</name>
         <value>0x2000f9b3</value>
         <object_component_ref idref="oc-193"/>
      </symbol>
      <symbol id="sm-7f7">
         <name>_lock</name>
         <value>0x20013350</value>
         <object_component_ref idref="oc-104"/>
      </symbol>
      <symbol id="sm-7f8">
         <name>_unlock</name>
         <value>0x20013354</value>
         <object_component_ref idref="oc-107"/>
      </symbol>
      <symbol id="sm-805">
         <name>atoi</name>
         <value>0x2000ff89</value>
         <object_component_ref idref="oc-2b7"/>
      </symbol>
      <symbol id="sm-80f">
         <name>memccpy</name>
         <value>0x20011181</value>
         <object_component_ref idref="oc-2b0"/>
      </symbol>
      <symbol id="sm-81a">
         <name>__TI_auto_init_nobinit_nopinit</name>
         <value>0x2001071d</value>
         <object_component_ref idref="oc-b5"/>
      </symbol>
      <symbol id="sm-822">
         <name>_system_pre_init</name>
         <value>0x200119b3</value>
         <object_component_ref idref="oc-81"/>
      </symbol>
      <symbol id="sm-82c">
         <name>wcslen</name>
         <value>0x200117a9</value>
         <object_component_ref idref="oc-2bb"/>
      </symbol>
      <symbol id="sm-832">
         <name>__aeabi_ctype_table_</name>
         <value>0x20012600</value>
         <object_component_ref idref="oc-31c"/>
      </symbol>
      <symbol id="sm-833">
         <name>__aeabi_ctype_table_C</name>
         <value>0x20012600</value>
         <object_component_ref idref="oc-31c"/>
      </symbol>
      <symbol id="sm-84b">
         <name>__aeabi_dmul</name>
         <value>0x2000e069</value>
         <object_component_ref idref="oc-181"/>
      </symbol>
      <symbol id="sm-84c">
         <name>__muldf3</name>
         <value>0x2000e069</value>
         <object_component_ref idref="oc-181"/>
      </symbol>
      <symbol id="sm-852">
         <name>__aeabi_d2iz</name>
         <value>0x2000ffd1</value>
         <object_component_ref idref="oc-185"/>
      </symbol>
      <symbol id="sm-853">
         <name>__fixdfsi</name>
         <value>0x2000ffd1</value>
         <object_component_ref idref="oc-185"/>
      </symbol>
      <symbol id="sm-859">
         <name>__aeabi_i2d</name>
         <value>0x20010c01</value>
         <object_component_ref idref="oc-17d"/>
      </symbol>
      <symbol id="sm-85a">
         <name>__floatsidf</name>
         <value>0x20010c01</value>
         <object_component_ref idref="oc-17d"/>
      </symbol>
      <symbol id="sm-860">
         <name>__aeabi_memcpy</name>
         <value>0x200119bd</value>
         <object_component_ref idref="oc-33"/>
      </symbol>
      <symbol id="sm-861">
         <name>__aeabi_memcpy4</name>
         <value>0x200119bd</value>
         <object_component_ref idref="oc-33"/>
      </symbol>
      <symbol id="sm-862">
         <name>__aeabi_memcpy8</name>
         <value>0x200119bd</value>
         <object_component_ref idref="oc-33"/>
      </symbol>
      <symbol id="sm-868">
         <name>__aeabi_memset</name>
         <value>0x200115a9</value>
         <object_component_ref idref="oc-5e"/>
      </symbol>
      <symbol id="sm-869">
         <name>__aeabi_memset4</name>
         <value>0x200115a9</value>
         <object_component_ref idref="oc-5e"/>
      </symbol>
      <symbol id="sm-86a">
         <name>__aeabi_memset8</name>
         <value>0x200115a9</value>
         <object_component_ref idref="oc-5e"/>
      </symbol>
      <symbol id="sm-86b">
         <name>__aeabi_memclr</name>
         <value>0x200115b5</value>
         <object_component_ref idref="oc-5e"/>
      </symbol>
      <symbol id="sm-86c">
         <name>__aeabi_memclr4</name>
         <value>0x200115b5</value>
         <object_component_ref idref="oc-5e"/>
      </symbol>
      <symbol id="sm-86d">
         <name>__aeabi_memclr8</name>
         <value>0x200115b5</value>
         <object_component_ref idref="oc-5e"/>
      </symbol>
      <symbol id="sm-873">
         <name>__aeabi_uldivmod</name>
         <value>0x200115bd</value>
         <object_component_ref idref="oc-22a"/>
      </symbol>
      <symbol id="sm-879">
         <name>__udivmoddi4</name>
         <value>0x2000e8cd</value>
         <object_component_ref idref="oc-2d6"/>
      </symbol>
      <symbol id="sm-884">
         <name>__aeabi_ldiv0</name>
         <value>0x2000f727</value>
         <object_component_ref idref="oc-34f"/>
      </symbol>
      <symbol id="sm-88d">
         <name>TI_memcpy_small</name>
         <value>0x20011697</value>
         <object_component_ref idref="oc-77"/>
      </symbol>
      <symbol id="sm-895">
         <name>TI_memset_small</name>
         <value>0x2001182b</value>
         <object_component_ref idref="oc-94"/>
      </symbol>
      <symbol id="sm-896">
         <name>__TI_static_base__</name>
         <value>0x200119c0</value>
      </symbol>
      <symbol id="sm-899">
         <name>ITM_flush</name>
         <value>0x0</value>
      </symbol>
      <symbol id="sm-89a">
         <name>ITM_restore</name>
         <value>0x0</value>
      </symbol>
      <symbol id="sm-89b">
         <name>__mpu_init</name>
         <value>0x0</value>
      </symbol>
      <symbol id="sm-89c">
         <name>_system_post_cinit</name>
         <value>0x0</value>
      </symbol>
   </symbol_table>
   <title>Link successful</title>
</link_info>
