******************************************************************************
            TI ARM Clang Linker PC v2.1.3                      
******************************************************************************
>> Linked Mon Oct 16 15:14:59 2023

OUTPUT FILE NAME:   <gpiointerrupt_CC3220S_LAUNCHXL_nortos_ticlang.out>
ENTRY POINT SYMBOL: "resetISR"  address: 20011285


MEMORY CONFIGURATION

         name            origin    length      used     unused   attr    fill
----------------------  --------  ---------  --------  --------  ----  --------
  SRAM2                 20000000   00004000  0000130c  00002cf4  RW X
  SRAM                  20004000   0003c000  0000f201  0002cdff  RW X
  LOG_DATA              90000000   00040000  00000000  00040000  R   
  LOG_PTR               94000008   00040000  00000000  00040000  R   


SEGMENT ALLOCATION MAP

run origin  load origin   length   init length attrs members
----------  ----------- ---------- ----------- ----- -------
20003000    20003000    00001000   00000000    rw-
  20003000    20003000    00001000   00000000    rw- .stack
20004000    20004000    00000040   00000040    r--
  20004000    20004000    00000040   00000040    r-- .resetVecs
20004040    20004040    00008000   00000000    rw-
  20004040    20004040    00008000   00000000    rw- .sysmem
2000c040    2000c040    00005a78   00005a78    r-x
  2000c040    2000c040    00005980   00005980    r-x .text
  200119c0    200119c0    000000f8   000000f8    r-- .cinit
20011c00    20011c00    000009f3   00000000    rw-
  20011c00    20011c00    000009f3   00000000    rw- .bss
20012600    20012600    000006c1   000006c1    r--
  20012600    20012600    000006c1   000006c1    r-- .rodata
20012cc8    20012cc8    00000695   00000000    rw-
  20012cc8    20012cc8    00000695   00000000    rw- .data


SECTION ALLOCATION MAP

 output                                  attributes/
section   page    origin      length       input sections
--------  ----  ----------  ----------   ----------------
.text      0    2000c040    00005980     
                  2000c040    00000844     libc.a : _printfi.c.obj (.text:__TI_printfi_nofloat)
                  2000c884    000004b8     driverlib.a : prcm.obj (.text.PRCMCC3200MCUInit)
                  2000cd3c    000003e4     drivers_cc32xx.a : PowerCC32XX.c.obj (.text.Power_sleep)
                  2000d120    00000222                      : UART2CC32XX.c.obj (.text.UART2CC32XX_hwiIntFxn)
                  2000d342    00000002     ti_drivers_config.o (.text.Board_initHook)
                  2000d344    000001cc     drivers_cc32xx.a : UART2CC32XX.c.obj (.text.UART2_open)
                  2000d510    00000178     gpiointerrupt.o (.text.initI2C)
                  2000d688    00000174     drivers_cc32xx.a : UART2.c.obj (.text.UART2_writeTimeoutBlocking)
                  2000d7fc    00000150     nortos_cc32xx.a : PowerCC32XX_nortos.c.obj (.text.PowerCC32XX_sleepPolicy)
                  2000d94c    00000148     drivers_cc32xx.a : TimerCC32XX.c.obj (.text.Timer_open)
                  2000da94    00000140                      : GPIOCC32XX.c.obj (.text.GPIO_setConfig)
                  2000dbd4    00000138                      : I2CCC32XX.c.obj (.text.I2CCC32XX_hwiFxn)
                  2000dd0c    00000126                      : I2C.c.obj (.text.I2C_transferTimeout)
                  2000de32    00000002                      : I2C.c.obj (.text.I2C_init)
                  2000de34    00000120     libc.a : memory.c.obj (.text.aligned_alloc)
                  2000df54    00000112     driverlib.a : udma.obj (.text.uDMAChannelTransferSet)
                  2000e066    00000002     nortos_cc32xx.a : PowerCC32XX_nortos.c.obj (.text.PowerCC32XX_initPolicy)
                  2000e068    000000fc     libclang_rt.builtins.a : muldf3.S.obj (.text)
                  2000e164    000000f8     libc.a : memory.c.obj (.text.free)
                  2000e25c    000000e8     drivers_cc32xx.a : I2CCC32XX.c.obj (.text.I2C_open)
                  2000e344    000000e8                      : UART2CC32XX.c.obj (.text.UART2_close)
                  2000e42c    000000cc                      : UART2CC32XX.c.obj (.text.UART2Support_dmaStartRx)
                  2000e4f8    000000c8     driverlib.a : interrupt.obj (.text.IntDisable)
                  2000e5c0    000000c8                 : interrupt.obj (.text.IntEnable)
                  2000e688    000000c8     gpiointerrupt.o (.text.mainThread)
                  2000e750    000000c4     drivers_cc32xx.a : UART2CC32XX.c.obj (.text.UART2CC32XX_initHw)
                  2000e814    000000b8                      : UART2CC32XX.c.obj (.text.UART2Support_dmaStartTx)
                  2000e8cc    000000b0     libclang_rt.builtins.a : udivmoddi4.S.obj (.text)
                  2000e97c    000000ac     driverlib.a : gpio.obj (.text.GPIOIntTypeSet)
                  2000ea28    000000a4                 : interrupt.obj (.text.IntPendSet)
                  2000eacc    000000a2                 : pin.obj (.text.PinConfigSet)
                  2000eb6e    0000009c     drivers_cc32xx.a : I2CCC32XX.c.obj (.text.I2CCC32XX_completeTransfer)
                  2000ec0a    00000098     driverlib.a : i2c.obj (.text.I2CMasterInitExpClk)
                  2000eca2    00000002     nortos_cc32xx.a : SemaphoreP_nortos.c.obj (.text.SemaphoreP_destruct)
                  2000eca4    00000098                     : SemaphoreP_nortos.c.obj (.text.SemaphoreP_pend)
                  2000ed3c    00000098     gpiointerrupt.o (.text.readTemp)
                  2000edd4    0000000c     driverlib.a : cpu.obj (.text.CPUwfi)
                  2000ede0    00000096     drivers_cc32xx.a : PowerCC32XX_ticlang.asm.obj (.text)
                  2000ee76    00000092     driverlib.a : udma.obj (.text.uDMAChannelAttributeDisable)
                  2000ef08    00000090     drivers_cc32xx.a : GPIOCC32XX.c.obj (.text.GPIO_init)
                  2000ef98    0000008e     driverlib.a : prcm.obj (.text.PRCMSysResetCauseGet)
                  2000f026    00000002     drivers_cc32xx.a : Timer.c.obj (.text.Timer_init)
                  2000f028    00000088                      : PowerCC32XX.c.obj (.text.PowerCC32XX_configureWakeup)
                  2000f0b0    0000007a                      : I2CCC32XX.c.obj (.text.I2CCC32XX_primeReadBurst)
                  2000f12a    00000002                      : UART2CC32XX.c.obj (.text.UART2CC32XX_eventCallback)
                  2000f12c    00000078                      : PowerCC32XX.c.obj (.text.Power_init)
                  2000f1a4    00000074     nortos_cc32xx.a : HwiPCC32XX_nortos.c.obj (.text.HwiP_construct)
                  2000f218    00000074     driverlib.a : prcm.obj (.text.PRCMHibernateWakeUpGPIOSelect)
                  2000f28c    00000074                 : uart.obj (.text.UARTConfigSetExpClk)
                  2000f300    0000006c                 : pin.obj (.text.PinLockLevelSet)
                  2000f36c    0000006c     drivers_cc32xx.a : PowerCC32XX.c.obj (.text.Power_setDependency)
                  2000f3d8    0000006c                      : UDMACC32XX.c.obj (.text.UDMACC32XX_open)
                  2000f444    0000006c                      : GPIOCC32XX.c.obj (.text.powerNotifyFxn)
                  2000f4b0    0000006c     libc.a : memory.c.obj (.text.split)
                  2000f51c    0000006a     driverlib.a : prcm.obj (.text.PRCMPeripheralReset)
                  2000f586    0000006a     libc.a : copy_decompress_lzss.c.obj (.text:decompress:lzss)
                  2000f5f0    00000068     drivers_cc32xx.a : I2CCC32XX.c.obj (.text.I2CCC32XX_initHw)
                  2000f658    00000068     driverlib.a : interrupt.obj (.text.IntPendClear)
                  2000f6c0    00000066     drivers_cc32xx.a : I2CCC32XX.c.obj (.text.I2CCC32XX_primeWriteBurst)
                  2000f726    00000002     libclang_rt.builtins.a : aeabi_div0.c.obj (.text.__aeabi_ldiv0)
                  2000f728    00000060     drivers_cc32xx.a : GPIOCC32XX.c.obj (.text.GPIO_write)
                  2000f788    00000060                      : UART2CC32XX.c.obj (.text.UART2Support_dmaStopTx)
                  2000f7e8    0000005c     driverlib.a : flash.obj (.text.FlashDisable)
                  2000f844    0000005c     drivers_cc32xx.a : I2CCC32XX.c.obj (.text.I2CSupport_primeTransfer)
                  2000f8a0    0000005c     driverlib.a : prcm.obj (.text.PRCMHibernateWakeupSourceDisable)
                  2000f8fc    0000005c     drivers_cc32xx.a : TimerCC32XX.c.obj (.text.TimerCC32XX_allocateTimerResource)
                  2000f958    0000005a     driverlib.a : prcm.obj (.text.PRCMPeripheralClkEnable)
                  2000f9b2    00000002     libc.a : _lock.c.obj (.text._nop)
                  2000f9b4    00000058     nortos_cc32xx.a : ClockPSysTick_nortos.c.obj (.text.ClockP_startup)
                  2000fa0c    00000058     driverlib.a : interrupt.obj (.text.IntPrioritySet)
                  2000fa64    00000056                 : prcm.obj (.text.PRCMLPDSEnter)
                  2000faba    00000002     nortos_cc32xx.a : startup_cc32xx_ticlang.c.obj (.text.busFaultHandler)
                  2000fabc    00000054     drivers_cc32xx.a : PowerCC32XX.c.obj (.text.PowerCC32XX_setParkState)
                  2000fb10    00000054                      : PowerCC32XX.c.obj (.text.Power_releaseDependency)
                  2000fb64    00000050                      : GPIOCC32XX.c.obj (.text.GPIO_hwiIntFxn)
                  2000fbb4    00000050     driverlib.a : prcm.obj (.text.PRCMHibernateWakeupSourceEnable)
                  2000fc04    00000050     nortos_cc32xx.a : SemaphoreP_nortos.c.obj (.text.SemaphoreP_construct)
                  2000fc54    0000004e     driverlib.a : udma.obj (.text.uDMAChannelAssign)
                  2000fca2    00000002     nortos_cc32xx.a : SemaphoreP_nortos.c.obj (.text.clkFxn)
                  2000fca4    0000004c     drivers_cc32xx.a : GPIOCC32XX.c.obj (.text.GPIO_setInterruptConfig)
                  2000fcf0    0000004c     driverlib.a : prcm.obj (.text.PRCMLPDSRestoreInfoSet)
                  2000fd3c    0000004c     drivers_cc32xx.a : TimerCC32XX.c.obj (.text.initHw)
                  2000fd88    0000004a                      : UART2CC32XX.c.obj (.text.UART2Support_dmaStopRx)
                  2000fdd2    0000004a                      : TimerCC32XX.c.obj (.text.getPrescaler)
                  2000fe1c    0000004a     driverlib.a : udma.obj (.text.uDMAChannelSizeGet)
                  2000fe66    00000002     nortos_cc32xx.a : startup_cc32xx_ticlang.c.obj (.text.defaultHandler)
                  2000fe68    00000048                     : ClockPSysTick_nortos.c.obj (.text.ClockP_sysTickHandler)
                  2000feb0    00000048     driverlib.a : prcm.obj (.text.PRCMIntEnable)
                  2000fef8    00000048                 : prcm.obj (.text.PRCMPeripheralStatusGet)
                  2000ff40    00000048                 : pin.obj (.text.PinConfigGet)
                  2000ff88    00000048     libc.a : atoi.c.obj (.text.atoi)
                  2000ffd0    00000048     libclang_rt.builtins.a : fixdfsi.S.obj (.text)
                  20010018    00000046     drivers_cc32xx.a : I2CCC32XX.c.obj (.text.I2CCC32XX_fillTransmitFifo)
                  2001005e    00000046     driverlib.a : prcm.obj (.text.PRCMLPDSEnterKeepDebugIf)
                  200100a4    00000046     drivers_cc32xx.a : RingBuf.c.obj (.text.RingBuf_put)
                  200100ea    00000044     driverlib.a : gpio.obj (.text.GPIODirModeSet)
                  2001012e    00000002     nortos_cc32xx.a : startup_cc32xx_ticlang.c.obj (.text.faultISR)
                  20010130    00000044     drivers_cc32xx.a : GPIOCC32XX.c.obj (.text.GPIO_disableInt)
                  20010174    00000044                      : GPIOCC32XX.c.obj (.text.GPIO_enableInt)
                  200101b8    00000044                      : PowerCC32XX.c.obj (.text.Power_releaseConstraint)
                  200101fc    00000044                      : Timer.c.obj (.text.Timer_start)
                  20010240    00000044     nortos_cc32xx.a : ClockPSysTick_nortos.c.obj (.text.addToList)
                  20010284    00000044     gpiointerrupt.o (.text.initTimer)
                  200102c8    00000044     libc.a : snprintf.c.obj (.text.snprintf)
                  2001030c    00000042     driverlib.a : pin.obj (.text.PinModeSet)
                  2001034e    00000042                 : timer.obj (.text.TimerControlStall)
                  20010390    00000042     drivers_cc32xx.a : TimerCC32XX.c.obj (.text.Timer_close)
                  200103d2    00000042     nortos_cc32xx.a : PowerCC32XX_nortos.c.obj (.text.getCountsRTC)
                  20010414    00000040                     : SemaphoreP_nortos.c.obj (.text.SemaphoreP_post)
                  20010454    00000040     drivers_cc32xx.a : Timer.c.obj (.text.Timer_stop)
                  20010494    00000040     driverlib.a : udma.obj (.text.uDMAChannelControlSet)
                  200104d4    0000003e                 : pin.obj (.text.PinDirModeSet)
                  20010512    00000002     nortos_cc32xx.a : startup_cc32xx_ticlang.c.obj (.text.nmiISR)
                  20010514    0000003c                     : ClockPSysTick_nortos.c.obj (.text.ClockP_stop)
                  20010550    0000003c     drivers_cc32xx.a : UDMACC32XX.c.obj (.text.UDMACC32XX_init)
                  2001058c    0000003c     gpiointerrupt.o (.text.timerCallback)
                  200105c8    0000003a     drivers_cc32xx.a : TimerCC32XX.c.obj (.text.TimerSupport_timerEnable)
                  20010602    00000002     --HOLE-- [fill = 0]
                  20010604    00000038     nortos_cc32xx.a : ClockPSysTick_nortos.c.obj (.text.ClockP_destruct)
                  2001063c    00000038     drivers_cc32xx.a : PowerCC32XX.c.obj (.text.Power_setConstraint)
                  20010674    00000038                      : RingBuf.c.obj (.text.RingBuf_putAdvance)
                  200106ac    00000038     nortos_cc32xx.a : SwiP_nortos.c.obj (.text.SwiP_restore)
                  200106e4    00000038     drivers_cc32xx.a : UDMACC32XX.c.obj (.text.UDMACC32XX_close)
                  2001071c    00000038     libc.a : autoinit.c.obj (.text:__TI_auto_init_nobinit_nopinit)
                  20010754    00000036     driverlib.a : pin.obj (.text.PinLock)
                  2001078a    00000036     drivers_cc32xx.a : TimerCC32XX.c.obj (.text.TimerCC32XX_hwiIntFunction)
                  200107c0    00000036     driverlib.a : uart.obj (.text.UARTCharPutNonBlocking)
                  200107f6    00000002     --HOLE-- [fill = 0]
                  200107f8    00000034     nortos_cc32xx.a : ClockPSysTick_nortos.c.obj (.text.ClockP_start)
                  2001082c    00000034     driverlib.a : i2c.obj (.text.I2CFIFODataPutNonBlocking)
                  20010860    00000034                 : pin.obj (.text.PinDirModeGet)
                  20010894    00000034                 : pin.obj (.text.PinModeGet)
                  200108c8    00000034     drivers_cc32xx.a : PowerCC32XX.c.obj (.text.PowerCC32XX_parkPin)
                  200108fc    00000034                      : TimerCC32XX.c.obj (.text.TimerCC32XX_freeTimerResource)
                  20010930    00000034                      : UART2.c.obj (.text.UART2_rxDisable)
                  20010964    00000034     nortos_cc32xx.a : startup_cc32xx_ticlang.c.obj (.text.initVectors)
                  20010998    00000030                     : ClockPSysTick_nortos.c.obj (.text.ClockP_getTicksUntilInterrupt)
                  200109c8    00000030     driverlib.a : i2c.obj (.text.I2CFIFODataGetNonBlocking)
                  200109f8    00000030                 : prcm.obj (.text.PRCMLPDSIntervalSet)
                  20010a28    00000030                 : prcm.obj (.text.PRCMSlowClkCtrFastGet)
                  20010a58    00000030                 : timer.obj (.text.TimerLoadSet)
                  20010a88    00000030                 : timer.obj (.text.TimerPrescaleSet)
                  20010ab8    00000030     libc.a : snprintf.c.obj (.text._outs)
                  20010ae8    00000030     gpiointerrupt.o (.text.initUART)
                  20010b18    00000030     drivers_cc32xx.a : PowerCC32XX.c.obj (.text.notify)
                  20010b48    0000002e     driverlib.a : gpio.obj (.text.GPIOIntStatus)
                  20010b76    0000002e     drivers_cc32xx.a : RingBuf.c.obj (.text.RingBuf_getConsume)
                  20010ba4    0000002e                      : RingBuf.c.obj (.text.RingBuf_putPointer)
                  20010bd2    0000002e     driverlib.a : uart.obj (.text.UARTDisable)
                  20010c00    0000002e     libclang_rt.builtins.a : floatsidf.S.obj (.text)
                  20010c2e    0000002c     driverlib.a : i2c.obj (.text.I2CMasterIntStatusEx)
                  20010c5a    0000002c     drivers_cc32xx.a : UART2CC32XX.c.obj (.text.UART2CC32XX_getRxData)
                  20010c86    0000002a     nortos_cc32xx.a : HwiPCC32XX_nortos.c.obj (.text.HwiP_create)
                  20010cb0    0000002a     driverlib.a : prcm.obj (.text.PRCMLPDSWakeUpGPIOSelect)
                  20010cda    0000002a                 : prcm.obj (.text.PRCMPeripheralClkDisable)
                  20010d04    0000002a                 : uart.obj (.text.UARTIntStatus)
                  20010d2e    00000028                 : i2c.obj (.text.I2CMasterBusBusy)
                  20010d56    00000028                 : i2c.obj (.text.I2CMasterSlaveAddrSet)
                  20010d7e    00000028                 : i2c.obj (.text.I2CTxFIFOConfigSet)
                  20010da6    00000028     drivers_cc32xx.a : I2C.c.obj (.text.I2C_cancel)
                  20010dce    00000028                      : List.c.obj (.text.List_remove)
                  20010df6    00000028     driverlib.a : prcm.obj (.text.PRCMSRAMRetentionEnable)
                  20010e1e    00000002     --HOLE-- [fill = 0]
                  20010e20    00000028     drivers_cc32xx.a : PowerCC32XX.c.obj (.text.PowerCC32XX_getParkState)
                  20010e48    00000028                      : TimerCC32XX.c.obj (.text.TimerSupport_timerDisable)
                  20010e70    00000028     libc.a : memory.c.obj (.text.free_list_insert)
                  20010e98    00000024     driverlib.a : i2c.obj (.text.I2CRxFIFOConfigSet)
                  20010ebc    00000024                 : interrupt.obj (.text.IntUnregister)
                  20010ee0    00000024     drivers_cc32xx.a : List.c.obj (.text.List_put)
                  20010f04    00000024     driverlib.a : prcm.obj (.text.PRCMLPDSWakeupSourceEnable)
                  20010f28    00000024     drivers_cc32xx.a : PowerCC32XX.c.obj (.text.PowerCC32XX_restoreParkState)
                  20010f4c    00000024                      : PowerCC32XX.c.obj (.text.PowerCC32XX_restoreParkedPin)
                  20010f70    00000024                      : PowerCC32XX.c.obj (.text.Power_registerNotify)
                  20010f94    00000024                      : UART2CC32XX.c.obj (.text.UART2Support_disableRx)
                  20010fb8    00000024     libc.a : boot_cortex_m.c.obj (.text:_c_int00_noargs)
                  20010fdc    00000022     driverlib.a : gpio.obj (.text.GPIOPinWrite)
                  20010ffe    00000022                 : pin.obj (.text.PinUnlock)
                  20011020    00000022     drivers_cc32xx.a : RingBuf.c.obj (.text.RingBuf_getPointer)
                  20011042    00000022                      : UART2CC32XX.c.obj (.text.UART2Support_sendData)
                  20011064    00000020     driverlib.a : interrupt.obj (.text.IntRegister)
                  20011084    00000020                 : pin.obj (.text.PinTypeI2C)
                  200110a4    00000020     drivers_cc32xx.a : PowerCC32XX.c.obj (.text.PowerCC32XX_reset)
                  200110c4    00000020                      : PowerCC32XX.c.obj (.text.Power_unregisterNotify)
                  200110e4    00000020     nortos_cc32xx.a : SemaphoreP_nortos.c.obj (.text.SemaphoreP_constructBinary)
                  20011104    00000020                     : SemaphoreP_nortos.c.obj (.text.SemaphoreP_createBinary)
                  20011124    00000020     driverlib.a : timer.obj (.text.TimerDisable)
                  20011144    0000001e                 : pin.obj (.text.PinTypeUART)
                  20011162    0000001e                 : uart.obj (.text.UARTEnable)
                  20011180    0000001e     libc.a : memccpy.c.obj (.text.memccpy)
                  2001119e    0000001e     driverlib.a : udma.obj (.text.uDMAChannelDisable)
                  200111bc    0000001e                 : udma.obj (.text.uDMAChannelEnable)
                  200111da    0000001e                 : udma.obj (.text.uDMAChannelIsEnabled)
                  200111f8    0000001c     drivers_cc32xx.a : GPIO.c.obj (.text.GPIO_setCallback)
                  20011214    0000001c     nortos_cc32xx.a : HwiPCC32XX_nortos.c.obj (.text.HwiP_dispatch)
                  20011230    0000001c                     : SwiP_nortos.c.obj (.text.SwiP_disable)
                  2001124c    0000001c     libc.a : memory.c.obj (.text.free_list_remove)
                  20011268    0000001c     drivers_cc32xx.a : TimerCC32XX.c.obj (.text.getPowerMgrId)
                  20011284    0000001c     nortos_cc32xx.a : startup_cc32xx_ticlang.c.obj (.text.resetISR)
                  200112a0    0000001a     driverlib.a : gpio.obj (.text.GPIOIntDisable)
                  200112ba    0000001a                 : prcm.obj (.text.PRCMHIBRegRead)
                  200112d4    0000001a                 : prcm.obj (.text.PRCMHIBRegWrite)
                  200112ee    0000001a                 : prcm.obj (.text.PRCMLPDSWakeupSourceDisable)
                  20011308    0000001a                 : pin.obj (.text.PinToPadGet)
                  20011322    0000001a                 : timer.obj (.text.TimerEnable)
                  2001133c    0000001a                 : uart.obj (.text.UARTFlowControlSet)
                  20011356    00000018                 : gpio.obj (.text.GPIOIntEnable)
                  2001136e    00000018     nortos_cc32xx.a : SemaphoreP_nortos.c.obj (.text.SemaphoreP_create)
                  20011386    00000018     libc.a : snprintf.c.obj (.text._outc)
                  2001139e    00000016     ti_drivers_config.o (.text.Board_init)
                  200113b4    00000016     driverlib.a : i2c.obj (.text.I2CMasterBurstLengthSet)
                  200113ca    00000016                 : i2c.obj (.text.I2CMasterIntDisableEx)
                  200113e0    00000016                 : i2c.obj (.text.I2CRxFIFOFlush)
                  200113f6    00000016                 : i2c.obj (.text.I2CTxFIFOFlush)
                  2001140c    00000016                 : systick.obj (.text.SysTickPeriodSet)
                  20011422    00000016                 : timer.obj (.text.TimerIntDisable)
                  20011438    00000016                 : uart.obj (.text.UARTCharsAvail)
                  2001144e    00000016                 : uart.obj (.text.UARTDMADisable)
                  20011464    00000016                 : uart.obj (.text.UARTFIFOLevelSet)
                  2001147a    00000016                 : uart.obj (.text.UARTIntDisable)
                  20011490    00000014                 : cpu.obj (.text.CPUcpsid)
                  200114a4    00000014                 : cpu.obj (.text.CPUcpsie)
                  200114b8    00000014     nortos_cc32xx.a : HwiPCC32XX_nortos.c.obj (.text.HwiP_destruct)
                  200114cc    00000014     driverlib.a : i2c.obj (.text.I2CMasterIntEnableEx)
                  200114e0    00000014                 : interrupt.obj (.text.IntVTableBaseSet)
                  200114f4    00000014     drivers_cc32xx.a : PowerCC32XX.c.obj (.text.Power_disablePolicy)
                  20011508    00000014                      : PowerCC32XX.c.obj (.text.Power_getTransitionLatency)
                  2001151c    00000014                      : PowerCC32XX.c.obj (.text.Power_idleFunc)
                  20011530    00000014     driverlib.a : timer.obj (.text.TimerIntEnable)
                  20011544    00000014                 : uart.obj (.text.UARTDMAEnable)
                  20011558    00000014                 : uart.obj (.text.UARTIntEnable)
                  2001156c    00000014     gpiointerrupt.o (.text.gpioButtonFxn0)
                  20011580    00000014     driverlib.a : udma.obj (.text.uDMAControlBaseSet)
                  20011594    00000014                 : udma.obj (.text.uDMAIntClear)
                  200115a8    00000014     libclang_rt.builtins.a : aeabi_memset.S.obj (.text)
                  200115bc    00000014                            : aeabi_uldivmod.S.obj (.text)
                  200115d0    00000012     nortos_cc32xx.a : ClockPSysTick_nortos.c.obj (.text.ClockP_add)
                  200115e2    00000012     driverlib.a : gpio.obj (.text.GPIOIntClear)
                  200115f4    00000012     nortos_cc32xx.a : HwiPCC32XX_nortos.c.obj (.text.HwiP_Params_init)
                  20011606    00000012                     : HwiPCC32XX_nortos.c.obj (.text.HwiP_delete)
                  20011618    00000012     driverlib.a : i2c.obj (.text.I2CMasterDisable)
                  2001162a    00000012                 : i2c.obj (.text.I2CMasterEnable)
                  2001163c    00000012     drivers_cc32xx.a : I2C.c.obj (.text.I2C_transfer)
                  2001164e    00000012     driverlib.a : systick.obj (.text.SysTickEnable)
                  20011660    00000012                 : systick.obj (.text.SysTickIntDisable)
                  20011672    00000012                 : systick.obj (.text.SysTickIntEnable)
                  20011684    00000012     drivers_cc32xx.a : UDMACC32XX.c.obj (.text.postNotifyFxn)
                  20011696    00000012     libc.a : memcpy_t2.S.obj (.text:TI_memcpy_small)
                  200116a8    00000010     nortos_cc32xx.a : ClockPSysTick_nortos.c.obj (.text.ClockP_getCpuFreq)
                  200116b8    00000010                     : ClockPSysTick_nortos.c.obj (.text.ClockP_getSystemTicks)
                  200116c8    00000010                     : ClockPSysTick_nortos.c.obj (.text.ClockP_setTicks)
                  200116d8    00000010                     : HwiPCC32XX_nortos.c.obj (.text.HwiP_inISR)
                  200116e8    00000010     driverlib.a : i2c.obj (.text.I2CMasterControl)
                  200116f8    00000010                 : i2c.obj (.text.I2CMasterIntClearEx)
                  20011708    00000010                 : i2c.obj (.text.I2CMasterTimeoutSet)
                  20011718    00000010     drivers_cc32xx.a : PowerCC32XX.c.obj (.text.Power_enablePolicy)
                  20011728    00000010                      : RingBuf.c.obj (.text.RingBuf_construct)
                  20011738    00000010     driverlib.a : timer.obj (.text.TimerIntClear)
                  20011748    00000010     drivers_cc32xx.a : Timer.c.obj (.text.Timer_Params_init)
                  20011758    00000010                      : UART2CC32XX.c.obj (.text.UART2Support_txDone)
                  20011768    00000010     driverlib.a : uart.obj (.text.UARTBusy)
                  20011778    00000010                 : uart.obj (.text.UARTIntClear)
                  20011788    00000010                 : uart.obj (.text.UARTRxErrorGet)
                  20011798    00000010     main_nortos.o (.text.main)
                  200117a8    00000010     libc.a : wcslen.c.obj (.text.wcslen)
                  200117b8    00000010            : copy_zero_init.c.obj (.text:decompress:ZI)
                  200117c8    0000000e     nortos_cc32xx.a : HwiPCC32XX_nortos.c.obj (.text.HwiP_interruptsEnabled)
                  200117d6    0000000e     driverlib.a : i2c.obj (.text.I2CFIFOStatus)
                  200117e4    0000000e     drivers_cc32xx.a : UART2.c.obj (.text.UART2_write)
                  200117f2    0000000e     ti_drivers_config.o (.text.UART2_writeTimeout)
                  20011800    0000000e     libc.a : _printfi.c.obj (.text.strlen)
                  2001180e    0000000e     driverlib.a : udma.obj (.text.uDMAEnable)
                  2001181c    0000000e                 : udma.obj (.text.uDMAErrorStatusClear)
                  2001182a    0000000e     libc.a : memset_t2.S.obj (.text:TI_memset_small)
                  20011838    0000000e            : copy_decompress_none.c.obj (.text:decompress:none)
                  20011846    0000000c     drivers_cc32xx.a : I2CCC32XX.c.obj (.text.I2CCC32XX_postNotify)
                  20011852    0000000c                      : I2C.c.obj (.text.I2C_Params_init)
                  2001185e    0000000c                      : I2CCC32XX.c.obj (.text.OUTLINED_FUNCTION_0)
                  2001186a    0000000c                      : UART2CC32XX.c.obj (.text.OUTLINED_FUNCTION_0)
                  20011876    0000000c     gpiointerrupt.o (.text.OUTLINED_FUNCTION_0)
                  20011882    0000000c     gpiointerrupt.o (.text.OUTLINED_FUNCTION_1)
                  2001188e    0000000c     driverlib.a : prcm.obj (.text.PRCMLPDSWakeupCauseGet)
                  2001189a    00000002     --HOLE-- [fill = 0]
                  2001189c    0000000c     drivers_cc32xx.a : PowerCC32XX.c.obj (.text.Power_getConstraintMask)
                  200118a8    0000000c                      : UART2CC32XX.c.obj (.text.UART2CC32XX_postNotifyFxn)
                  200118b4    0000000c                      : UART2CC32XX.c.obj (.text.UART2Support_disableTx)
                  200118c0    0000000c                      : UART2CC32XX.c.obj (.text.UART2Support_enableTx)
                  200118cc    0000000c                      : UART2.c.obj (.text.UART2_Params_init)
                  200118d8    0000000c                      : TimerCC32XX.c.obj (.text.postNotifyFxn)
                  200118e4    0000000c     driverlib.a : udma.obj (.text.uDMAErrorStatusGet)
                  200118f0    0000000a                 : cpu.obj (.text.CPUprimask)
                  200118fa    0000000a     nortos_cc32xx.a : ClockPSysTick_nortos.c.obj (.text.ClockP_isActive)
                  20011904    0000000a     driverlib.a : interrupt.obj (.text.IntMasterDisable)
                  2001190e    0000000a                 : interrupt.obj (.text.IntMasterEnable)
                  20011918    0000000a     drivers_cc32xx.a : UART2CC32XX.c.obj (.text.OUTLINED_FUNCTION_1)
                  20011922    0000000a                      : UART2CC32XX.c.obj (.text.OUTLINED_FUNCTION_2)
                  2001192c    0000000a     ti_drivers_config.o (.text.dmaErrorFxn)
                  20011936    00000008     nortos_cc32xx.a : HwiPCC32XX_nortos.c.obj (.text.HwiP_disable)
                  2001193e    00000008                     : HwiPCC32XX_nortos.c.obj (.text.HwiP_restore)
                  20011946    00000008     drivers_cc32xx.a : I2CCC32XX.c.obj (.text.I2CCC32XX_blockingCallback)
                  2001194e    00000008                      : I2CCC32XX.c.obj (.text.I2CSupport_controllerFinish)
                  20011956    00000008     driverlib.a : prcm.obj (.text.PRCMSleepEnter)
                  2001195e    00000008                 : utils.obj (.text.UtilsDelay)
                  20011966    00000002     --HOLE-- [fill = 0]
                  20011968    00000008     libc.a : aeabi_portable.c.obj (.text.__aeabi_errno_addr)
                  20011970    00000008            : memory.c.obj (.text.malloc)
                  20011978    00000006     drivers_cc32xx.a : I2CCC32XX.c.obj (.text.I2CSupport_powerRelConstraint)
                  2001197e    00000006                      : I2CCC32XX.c.obj (.text.I2CSupport_powerSetConstraint)
                  20011984    00000006                      : UART2CC32XX.c.obj (.text.UART2Support_powerRelConstraint)
                  2001198a    00000004     nortos_cc32xx.a : ClockPSysTick_nortos.c.obj (.text.ClockP_doTick)
                  2001198e    00000004                     : HwiPCC32XX_nortos.c.obj (.text.HwiP_clearInterrupt)
                  20011992    00000004                     : HwiPCC32XX_nortos.c.obj (.text.HwiP_disableInterrupt)
                  20011996    00000004                     : HwiPCC32XX_nortos.c.obj (.text.HwiP_enable)
                  2001199a    00000004                     : HwiPCC32XX_nortos.c.obj (.text.HwiP_enableInterrupt)
                  2001199e    00000004                     : HwiPCC32XX_nortos.c.obj (.text.HwiP_post)
                  200119a2    00000004     driverlib.a : interrupt.obj (.text.IntDefaultHandler)
                  200119a6    00000004     nortos_cc32xx.a : NoRTOS.c.obj (.text.NoRTOS_start)
                  200119aa    00000004     drivers_cc32xx.a : RingBuf.c.obj (.text.RingBuf_getCount)
                  200119ae    00000004     nortos_cc32xx.a : SemaphoreP_nortos.c.obj (.text.SemaphoreP_delete)
                  200119b2    00000004     libc.a : pre_init.c.obj (.text._system_pre_init)
                  200119b6    00000004            : exit.c.obj (.text:abort)
                  200119ba    00000002     --HOLE-- [fill = 0]
                  200119bc    00000004     libclang_rt.builtins.a : aeabi_memcpy.S.obj (.text)

.ramVecs   0    20000000    0000030c     NOLOAD SECTION
                  20000000    0000030c     nortos_cc32xx.a : startup_cc32xx_ticlang.c.obj (.ramVecs)

.stack     0    20003000    00001000     UNINITIALIZED
                  20003000    00000004     libc.a : boot_cortex_m.c.obj (.stack)
                  20003004    00000ffc     --HOLE--

.resetVecs 
*          0    20004000    00000040     
                  20004000    00000040     nortos_cc32xx.a : startup_cc32xx_ticlang.c.obj (.resetVecs)

.sysmem    0    20004040    00008000     UNINITIALIZED
                  20004040    00000010     libc.a : memory.c.obj (.sysmem)
                  20004050    00007ff0     --HOLE--

.cinit     0    200119c0    000000f8     
                  200119c0    000000d2     (.cinit..data.load) [load image, compression = lzss]
                  20011a92    00000002     --HOLE-- [fill = 0]
                  20011a94    0000000c     (__TI_handler_table)
                  20011aa0    00000008     (.cinit..bss.load) [load image, compression = zero_init]
                  20011aa8    00000010     (__TI_cinit_table)

.rodata    0    20012600    000006c1     
                  20012600    00000101     libc.a : aeabi_ctype.S.obj (.rodata)
                  20012701    00000002     drivers_cc32xx.a : UART2CC32XX.c.obj (.rodata.stopBits)
                  20012703    00000001     ti_drivers_config.o (.rodata.GPIO_pinUpperBound)
                  20012704    00000100     driverlib.a : pin.obj (.rodata.g_ulPinToPadMap)
                  20012804    000000d4                 : interrupt.obj (.rodata.g_pulRegs)
                  200128d8    000000c3     gpiointerrupt.o (.rodata.str1.1)
                  2001299b    00000001     ti_drivers_config.o (.rodata.I2C_count)
                  2001299c    000000a8     driverlib.a : prcm.obj (.rodata.PRCM_PeriphRegsList)
                  20012a44    00000066     gpiointerrupt.o (.rodata.str1.4)
                  20012aaa    00000001     ti_drivers_config.o (.rodata.Timer_count)
                  20012aab    00000001     ti_drivers_config.o (.rodata.UART2_count)
                  20012aac    00000044     ti_drivers_config.o (.rodata.PowerCC32XX_config)
                  20012af0    00000038     ti_drivers_config.o (.rodata.uart2CC32XXHWAttrs0)
                  20012b28    00000028     drivers_cc32xx.a : GPIOCC32XX.c.obj (.rodata.portConfigs)
                  20012b50    00000024                      : UART2.c.obj (.rodata.UART2_defaultParams)
                  20012b74    00000022     libc.a : _printfi.c.obj (.rodata.str1.1)
                  20012b96    00000021     drivers_cc32xx.a : GPIOCC32XX.c.obj (.rodata.pinTable)
                  20012bb7    00000001     --HOLE-- [fill = 0]
                  20012bb8    00000018     driverlib.a : interrupt.obj (.rodata.g_pulDisRegs)
                  20012bd0    00000018                 : interrupt.obj (.rodata.g_pulEnRegs)
                  20012be8    00000018                 : interrupt.obj (.rodata.g_pulPendRegs)
                  20012c00    00000018                 : interrupt.obj (.rodata.g_pulUnpendRegs)
                  20012c18    00000018     gpiointerrupt.o (.rodata.sensors)
                  20012c30    00000014     ti_drivers_config.o (.rodata.i2cCC32XXHWAttrs)
                  20012c44    00000010     ti_drivers_config.o (.rodata.GPIO_config)
                  20012c54    00000010     drivers_cc32xx.a : I2CCC32XX.c.obj (.rodata.cst16)
                  20012c64    00000010     ti_drivers_config.o (.rodata.timerCC32XXHWAttrs)
                  20012c74    0000000c     drivers_cc32xx.a : Timer.c.obj (.rodata.defaultParams)
                  20012c80    0000000c                      : TimerCC32XX.c.obj (.rodata.defaultParams)
                  20012c8c    0000000c     ti_drivers_config.o (.rodata.udmaCC3220SHWAttrs)
                  20012c98    00000008     ti_drivers_config.o (.rodata.I2C_config)
                  20012ca0    00000008     ti_drivers_config.o (.rodata.Timer_config)
                  20012ca8    00000008     ti_drivers_config.o (.rodata.UART2_config)
                  20012cb0    00000008     ti_drivers_config.o (.rodata.UDMACC32XX_config)
                  20012cb8    00000005     drivers_cc32xx.a : UART2CC32XX.c.obj (.rodata.parityType)
                  20012cbd    00000004                      : UART2CC32XX.c.obj (.rodata.cst4)

.init_array 
*          0    20004000    00000000     UNINITIALIZED

.bss       0    20011c00    000009f3     UNINITIALIZED
                  20011c00    00000400     ti_drivers_config.o (.bss.dmaControlTable)
                  20012000    00000178     (.common:uart2CC32XXObjects0)
                  20012178    0000012c     (.common:PowerCC32XX_contextSave)
                  200122a4    000000fc     (.common:i2cCC32XXObjects)
                  200123a0    00000084     (.common:gpioCallbackFunctions)
                  20012424    00000084     (.common:gpioUserArgs)
                  200124a8    00000084     (.common:timerCC32XXObjects)
                  2001252c    00000040     (.common:output)
                  2001256c    00000020     ti_drivers_config.o (.bss.uart2RxRingBuffer0)
                  2001258c    00000020     (.common:i2cTransaction)
                  200125ac    00000014     drivers_cc32xx.a : UDMACC32XX.c.obj (.bss.postNotifyObj)
                  200125c0    00000010     (.common:ClockP_ctrl)
                  200125d0    00000008     (.common:udmaCC3220SObject)
                  200125d8    00000004     nortos_cc32xx.a : ClockPSysTick_nortos.c.obj (.bss.sysTickPeriod)
                  200125dc    00000004     libc.a : memory.c.obj (.bss.sys_free)
                  200125e0    00000004     drivers_cc32xx.a : TimerCC32XX.c.obj (.bss.timerState.0)
                  200125e4    00000004     (.common:i2c)
                  200125e8    00000004     (.common:timer0)
                  200125ec    00000004     (.common:uart)
                  200125f0    00000002     (.common:rxBuffer)
                  200125f2    00000001     (.common:txBuffer)

.data      0    20012cc8    00000695     UNINITIALIZED
                  20012cc8    0000030c     nortos_cc32xx.a : HwiPCC32XX_nortos.c.obj (.data.HwiP_dispatchTable)
                  20012fd4    0000016c     drivers_cc32xx.a : PowerCC32XX.c.obj (.data.PowerCC32XX_module)
                  20013140    000000f8     ti_drivers_config.o (.data.parkInfo)
                  20013238    00000084     ti_drivers_config.o (.data.gpioPinConfigs)
                  200132bc    0000004c     nortos_cc32xx.a : SwiP_nortos.c.obj (.data..L_MergedGlobals)
                  20013308    00000018     drivers_cc32xx.a : GPIOCC32XX.c.obj (.data..L_MergedGlobals)
                  20013320    00000010     nortos_cc32xx.a : SemaphoreP_nortos.c.obj (.data..L_MergedGlobals)
                  20013330    00000008     drivers_cc32xx.a : UDMACC32XX.c.obj (.data..L_MergedGlobals)
                  20013338    00000008     gpiointerrupt.o (.data..L_MergedGlobals)
                  20013340    00000008     nortos_cc32xx.a : ClockPSysTick_nortos.c.obj (.data..L_MergedGlobals)
                  20013348    00000004                     : HwiPCC32XX_nortos.c.obj (.data.HwiP_swiPIntNum)
                  2001334c    00000004     libc.a : aeabi_portable.c.obj (.data.__aeabi_errno)
                  20013350    00000004            : _lock.c.obj (.data._lock)
                  20013354    00000004            : _lock.c.obj (.data._unlock)
                  20013358    00000002     gpiointerrupt.o (.data.temperature)
                  2001335a    00000001     drivers_cc32xx.a : GPIOCC32XX.c.obj (.data.initCalled)
                  2001335b    00000001                      : GPIOCC32XX.c.obj (.data.portHwiCreatedBitMask)
                  2001335c    00000001     libc.a : memory.c.obj (.data.memory_is_initialized)

.log_data 
*          0    90000000    00000000     COPY SECTION

.log_ptr   0    94000008    00000000     COPY SECTION

__llvm_prf_cnts 
*          0    20004000    00000000     UNINITIALIZED

__llvm_prf_bits 
*          0    20004000    00000000     UNINITIALIZED

MODULE SUMMARY

       Module                         code    ro data   rw data
       ------                         ----    -------   -------
    .\
       gpiointerrupt.o                948     321       121    
       main_nortos.o                  16      0         0      
    +--+------------------------------+-------+---------+---------+
       Total:                         964     321       121    
                                                               
    .\syscfg\
       ti_drivers_config.o            48      224       2468   
    +--+------------------------------+-------+---------+---------+
       Total:                         48      224       2468   
                                                               
    C:/ti/simplelink_cc32xx_sdk_7_10_00_13/kernel/nortos/lib/ticlang/m4/nortos_cc32xx.a
       HwiPCC32XX_nortos.c.obj        308     0         784    
       startup_cc32xx_ticlang.c.obj   88      64        780    
       ClockPSysTick_nortos.c.obj     524     0         28     
       SemaphoreP_nortos.c.obj        392     0         16     
       PowerCC32XX_nortos.c.obj       404     0         0      
       SwiP_nortos.c.obj              84      0         76     
       NoRTOS.c.obj                   4       0         0      
    +--+------------------------------+-------+---------+---------+
       Total:                         1804    64        1684   
                                                               
    C:/ti/simplelink_cc32xx_sdk_7_10_00_13/source/ti/devices/cc32xx/driverlib/ticlang/Release/driverlib.a
       prcm.obj                       2564    168       0      
       interrupt.obj                  868     308       0      
       pin.obj                        750     256       0      
       udma.obj                       806     0         0      
       i2c.obj                        658     0         0      
       uart.obj                       490     0         0      
       gpio.obj                       388     0         0      
       timer.obj                      278     0         0      
       flash.obj                      92      0         0      
       systick.obj                    76      0         0      
       cpu.obj                        62      0         0      
       utils.obj                      8       0         0      
    +--+------------------------------+-------+---------+---------+
       Total:                         7040    732       0      
                                                               
    C:/ti/simplelink_cc32xx_sdk_7_10_00_13/source/ti/drivers/lib/ticlang/m4/drivers_cc32xx.a
       PowerCC32XX.c.obj              2052    0         664    
       UART2CC32XX.c.obj              2198    11        0      
       I2CCC32XX.c.obj                1242    16        0      
       GPIOCC32XX.c.obj               960     73        26     
       TimerCC32XX.c.obj              880     12        4      
       UART2.c.obj                    450     36        0      
       I2C.c.obj                      366     0         0      
       RingBuf.c.obj                  272     0         0      
       UDMACC32XX.c.obj               242     0         28     
       Timer.c.obj                    150     12        0      
       PowerCC32XX_ticlang.asm.obj    150     0         0      
       List.c.obj                     76      0         0      
       GPIO.c.obj                     28      0         0      
    +--+------------------------------+-------+---------+---------+
       Total:                         9066    160       722    
                                                               
    C:\ti\ccs1240\ccs\tools\compiler\ti-cgt-armllvm_2.1.3.LTS\lib\armv7em-ti-none-eabi/c/libc.a
       _printfi.c.obj                 2130    34        0      
       memory.c.obj                   720     0         5      
       aeabi_ctype.S.obj              0       257       0      
       snprintf.c.obj                 140     0         0      
       copy_decompress_lzss.c.obj     106     0         0      
       atoi.c.obj                     72      0         0      
       autoinit.c.obj                 56      0         0      
       boot_cortex_m.c.obj            36      0         0      
       memccpy.c.obj                  30      0         0      
       memcpy_t2.S.obj                18      0         0      
       copy_zero_init.c.obj           16      0         0      
       wcslen.c.obj                   16      0         0      
       copy_decompress_none.c.obj     14      0         0      
       memset_t2.S.obj                14      0         0      
       aeabi_portable.c.obj           8       0         4      
       _lock.c.obj                    2       0         8      
       exit.c.obj                     4       0         0      
       pre_init.c.obj                 4       0         0      
    +--+------------------------------+-------+---------+---------+
       Total:                         3386    291       17     
                                                               
    C:\ti\ccs1240\ccs\tools\compiler\ti-cgt-armllvm_2.1.3.LTS\lib\clang/14.0.6/lib/armv7em-ti-none-eabi/libclang_rt.builtins.a
       muldf3.S.obj                   252     0         0      
       udivmoddi4.S.obj               176     0         0      
       fixdfsi.S.obj                  72      0         0      
       floatsidf.S.obj                46      0         0      
       aeabi_memset.S.obj             20      0         0      
       aeabi_uldivmod.S.obj           20      0         0      
       aeabi_memcpy.S.obj             4       0         0      
       aeabi_div0.c.obj               2       0         0      
    +--+------------------------------+-------+---------+---------+
       Total:                         592     0         0      
                                                               
       Heap:                          0       0         32768  
       Stack:                         0       0         4096   
       Linker Generated:              0       246       0      
    +--+------------------------------+-------+---------+---------+
       Grand Total:                   22900   2038      41876  


LINKER GENERATED COPY TABLES

__TI_cinit_table @ 20011aa8 records: 2, size/record: 8, table size: 16
	.data: load addr=200119c0, load size=000000d2 bytes, run addr=20012cc8, run size=00000695 bytes, compression=lzss
	.bss: load addr=20011aa0, load size=00000008 bytes, run addr=20011c00, run size=000009f3 bytes, compression=zero_init


LINKER GENERATED HANDLER TABLE

__TI_handler_table @ 20011a94 records: 3, size/record: 4, table size: 12
	index: 0, handler: __TI_decompress_lzss
	index: 1, handler: __TI_decompress_none
	index: 2, handler: __TI_zero_init


GLOBAL SYMBOLS: SORTED ALPHABETICALLY BY Name 

address   name                             
-------   ----                             
2001139f  Board_init                       
2000d343  Board_initHook                   
200119b6  C$$EXIT                          
20011491  CPUcpsid                         
200114a5  CPUcpsie                         
200118f1  CPUprimask                       
2000edd5  CPUwfi                           
200115d1  ClockP_add                       
200125c0  ClockP_ctrl                      
20010605  ClockP_destruct                  
2001198b  ClockP_doTick                    
200116a9  ClockP_getCpuFreq                
200116b9  ClockP_getSystemTicks            
20010999  ClockP_getTicksUntilInterrupt    
200118fb  ClockP_isActive                  
200116c9  ClockP_setTicks                  
200107f9  ClockP_start                     
2000f9b5  ClockP_startup                   
20010515  ClockP_stop                      
2000fe69  ClockP_sysTickHandler            
20013344  ClockP_tickPeriod                
2000f7e9  FlashDisable                     
200100eb  GPIODirModeSet                   
200115e3  GPIOIntClear                     
200112a1  GPIOIntDisable                   
20011357  GPIOIntEnable                    
20010b49  GPIOIntStatus                    
2000e97d  GPIOIntTypeSet                   
20010fdd  GPIOPinWrite                     
20012c44  GPIO_config                      
20010131  GPIO_disableInt                  
20010175  GPIO_enableInt                   
2000fb65  GPIO_hwiIntFxn                   
2000ef09  GPIO_init                        
20012703  GPIO_pinUpperBound               
200111f9  GPIO_setCallback                 
2000da95  GPIO_setConfig                   
2000fca5  GPIO_setInterruptConfig          
2000f729  GPIO_write                       
200115f5  HwiP_Params_init                 
2001198f  HwiP_clearInterrupt              
2000f1a5  HwiP_construct                   
20010c87  HwiP_create                      
20011607  HwiP_delete                      
200114b9  HwiP_destruct                    
20011937  HwiP_disable                     
20011993  HwiP_disableInterrupt            
20011215  HwiP_dispatch                    
20011997  HwiP_enable                      
2001199b  HwiP_enableInterrupt             
200116d9  HwiP_inISR                       
200117c9  HwiP_interruptsEnabled           
2001199f  HwiP_post                        
2001193f  HwiP_restore                     
20013348  HwiP_swiPIntNum                  
200109c9  I2CFIFODataGetNonBlocking        
2001082d  I2CFIFODataPutNonBlocking        
200117d7  I2CFIFOStatus                    
200113b5  I2CMasterBurstLengthSet          
20010d2f  I2CMasterBusBusy                 
200116e9  I2CMasterControl                 
20011619  I2CMasterDisable                 
2001162b  I2CMasterEnable                  
2000ec0b  I2CMasterInitExpClk              
200116f9  I2CMasterIntClearEx              
200113cb  I2CMasterIntDisableEx            
200114cd  I2CMasterIntEnableEx             
20010c2f  I2CMasterIntStatusEx             
20010d57  I2CMasterSlaveAddrSet            
20011709  I2CMasterTimeoutSet              
20010e99  I2CRxFIFOConfigSet               
200113e1  I2CRxFIFOFlush                   
2001194f  I2CSupport_controllerFinish      
20011979  I2CSupport_powerRelConstraint    
2001197f  I2CSupport_powerSetConstraint    
2000f845  I2CSupport_primeTransfer         
20010d7f  I2CTxFIFOConfigSet               
200113f7  I2CTxFIFOFlush                   
20011853  I2C_Params_init                  
20010da7  I2C_cancel                       
20012c98  I2C_config                       
2001299b  I2C_count                        
2000de33  I2C_init                         
2000e25d  I2C_open                         
2001163d  I2C_transfer                     
2000dd0d  I2C_transferTimeout              
UNDEFED   ITM_flush                        
UNDEFED   ITM_restore                      
2000e4f9  IntDisable                       
2000e5c1  IntEnable                        
20011905  IntMasterDisable                 
2001190f  IntMasterEnable                  
2000f659  IntPendClear                     
2000ea29  IntPendSet                       
2000fa0d  IntPrioritySet                   
20011065  IntRegister                      
20010ebd  IntUnregister                    
200114e1  IntVTableBaseSet                 
20010ee1  List_put                         
20010dcf  List_remove                      
200119a7  NoRTOS_start                     
2000c885  PRCMCC3200MCUInit                
200112bb  PRCMHIBRegRead                   
200112d5  PRCMHIBRegWrite                  
2000f219  PRCMHibernateWakeUpGPIOSelect    
2000f8a1  PRCMHibernateWakeupSourceDisable 
2000fbb5  PRCMHibernateWakeupSourceEnable  
2000feb1  PRCMIntEnable                    
2000fa65  PRCMLPDSEnter                    
2001005f  PRCMLPDSEnterKeepDebugIf         
200109f9  PRCMLPDSIntervalSet              
2000fcf1  PRCMLPDSRestoreInfoSet           
20010cb1  PRCMLPDSWakeUpGPIOSelect         
2001188f  PRCMLPDSWakeupCauseGet           
200112ef  PRCMLPDSWakeupSourceDisable      
20010f05  PRCMLPDSWakeupSourceEnable       
20010cdb  PRCMPeripheralClkDisable         
2000f959  PRCMPeripheralClkEnable          
2000f51d  PRCMPeripheralReset              
2000fef9  PRCMPeripheralStatusGet          
20010df7  PRCMSRAMRetentionEnable          
20011957  PRCMSleepEnter                   
20010a29  PRCMSlowClkCtrFastGet            
2000ef99  PRCMSysResetCauseGet             
2000ff41  PinConfigGet                     
2000eacd  PinConfigSet                     
20010861  PinDirModeGet                    
200104d5  PinDirModeSet                    
20010755  PinLock                          
2000f301  PinLockLevelSet                  
20010895  PinModeGet                       
2001030d  PinModeSet                       
20011309  PinToPadGet                      
20011085  PinTypeI2C                       
20011145  PinTypeUART                      
20010fff  PinUnlock                        
20012aac  PowerCC32XX_config               
2000f029  PowerCC32XX_configureWakeup      
20012178  PowerCC32XX_contextSave          
2000ede1  PowerCC32XX_enterLPDS            
20010e21  PowerCC32XX_getParkState         
2000e067  PowerCC32XX_initPolicy           
20012fd4  PowerCC32XX_module               
200108c9  PowerCC32XX_parkPin              
200110a5  PowerCC32XX_reset                
20010f29  PowerCC32XX_restoreParkState     
20010f4d  PowerCC32XX_restoreParkedPin     
2000ee25  PowerCC32XX_resumeLPDS           
2000fabd  PowerCC32XX_setParkState         
2000d7fd  PowerCC32XX_sleepPolicy          
200114f5  Power_disablePolicy              
20011719  Power_enablePolicy               
2001189d  Power_getConstraintMask          
20011509  Power_getTransitionLatency       
2001151d  Power_idleFunc                   
2000f12d  Power_init                       
20010f71  Power_registerNotify             
200101b9  Power_releaseConstraint          
2000fb11  Power_releaseDependency          
2001063d  Power_setConstraint              
2000f36d  Power_setDependency              
2000cd3d  Power_sleep                      
200110c5  Power_unregisterNotify           
20011729  RingBuf_construct                
20010b77  RingBuf_getConsume               
200119ab  RingBuf_getCount                 
20011021  RingBuf_getPointer               
200100a5  RingBuf_put                      
20010675  RingBuf_putAdvance               
20010ba5  RingBuf_putPointer               
2000fc05  SemaphoreP_construct             
200110e5  SemaphoreP_constructBinary       
2001136f  SemaphoreP_create                
20011105  SemaphoreP_createBinary          
20013328  SemaphoreP_defaultParams         
200119af  SemaphoreP_delete                
2000eca3  SemaphoreP_destruct              
2000eca5  SemaphoreP_pend                  
20010415  SemaphoreP_post                  
20011231  SwiP_disable                     
200106ad  SwiP_restore                     
2001164f  SysTickEnable                    
20011661  SysTickIntDisable                
20011673  SysTickIntEnable                 
2001140d  SysTickPeriodSet                 
20011697  TI_memcpy_small                  
2001182b  TI_memset_small                  
2000f8fd  TimerCC32XX_allocateTimerResource
200108fd  TimerCC32XX_freeTimerResource    
2001034f  TimerControlStall                
20011125  TimerDisable                     
20011323  TimerEnable                      
20013338  TimerFlag1s                      
2001333a  TimerFlag200ms                   
20013339  TimerFlag500ms                   
20011739  TimerIntClear                    
20011423  TimerIntDisable                  
20011531  TimerIntEnable                   
20010a59  TimerLoadSet                     
20010a89  TimerPrescaleSet                 
20010e49  TimerSupport_timerDisable        
200105c9  TimerSupport_timerEnable         
20011749  Timer_Params_init                
20010391  Timer_close                      
20012ca0  Timer_config                     
20012aaa  Timer_count                      
2000f027  Timer_init                       
2000d94d  Timer_open                       
200101fd  Timer_start                      
20010455  Timer_stop                       
20010f95  UART2Support_disableRx           
200118b5  UART2Support_disableTx           
2000e42d  UART2Support_dmaStartRx          
2000e815  UART2Support_dmaStartTx          
2000fd89  UART2Support_dmaStopRx           
2000f789  UART2Support_dmaStopTx           
200118c1  UART2Support_enableTx            
20011985  UART2Support_powerRelConstraint  
20011043  UART2Support_sendData            
20011759  UART2Support_txDone              
200118cd  UART2_Params_init                
2000e345  UART2_close                      
20012ca8  UART2_config                     
20012aab  UART2_count                      
20012b50  UART2_defaultParams              
2000d345  UART2_open                       
20010931  UART2_rxDisable                  
200117e5  UART2_write                      
200117f3  UART2_writeTimeout               
2000d689  UART2_writeTimeoutBlocking       
20011769  UARTBusy                         
200107c1  UARTCharPutNonBlocking           
20011439  UARTCharsAvail                   
2000f28d  UARTConfigSetExpClk              
2001144f  UARTDMADisable                   
20011545  UARTDMAEnable                    
20010bd3  UARTDisable                      
20011163  UARTEnable                       
20011465  UARTFIFOLevelSet                 
2001133d  UARTFlowControlSet               
20011779  UARTIntClear                     
2001147b  UARTIntDisable                   
20011559  UARTIntEnable                    
20010d05  UARTIntStatus                    
20011789  UARTRxErrorGet                   
200106e5  UDMACC32XX_close                 
20012cb0  UDMACC32XX_config                
20010551  UDMACC32XX_init                  
2000f3d9  UDMACC32XX_open                  
2001195f  UtilsDelay                       
20004000  __STACK_END                      
00001000  __STACK_SIZE                     
00008000  __SYSMEM_SIZE                    
20011aa8  __TI_CINIT_Base                  
20011ab8  __TI_CINIT_Limit                 
20011ab8  __TI_CINIT_Warm                  
20011a94  __TI_Handler_Table_Base          
20011aa0  __TI_Handler_Table_Limit         
2001071d  __TI_auto_init_nobinit_nopinit   
2000f587  __TI_decompress_lzss             
20011839  __TI_decompress_none             
ffffffff  __TI_pprof_out_hndl              
2000c041  __TI_printfi_nofloat             
ffffffff  __TI_prof_data_size              
ffffffff  __TI_prof_data_start             
200119c0  __TI_static_base__               
200117b9  __TI_zero_init                   
20012600  __aeabi_ctype_table_             
20012600  __aeabi_ctype_table_C            
2000ffd1  __aeabi_d2iz                     
2000e069  __aeabi_dmul                     
2001334c  __aeabi_errno                    
20011969  __aeabi_errno_addr               
20010c01  __aeabi_i2d                      
2000f727  __aeabi_ldiv0                    
200115b5  __aeabi_memclr                   
200115b5  __aeabi_memclr4                  
200115b5  __aeabi_memclr8                  
200119bd  __aeabi_memcpy                   
200119bd  __aeabi_memcpy4                  
200119bd  __aeabi_memcpy8                  
200115a9  __aeabi_memset                   
200115a9  __aeabi_memset4                  
200115a9  __aeabi_memset8                  
200115bd  __aeabi_uldivmod                 
ffffffff  __binit__                        
2000ffd1  __fixdfsi                        
20010c01  __floatsidf                      
UNDEFED   __mpu_init                       
2000e069  __muldf3                         
20003000  __stack                          
20004000  __start___llvm_prf_bits          
20004000  __start___llvm_prf_cnts          
20004000  __stop___llvm_prf_bits           
20004000  __stop___llvm_prf_cnts           
2000e8cd  __udivmoddi4                     
20010fb9  _c_int00_noargs                  
20013350  _lock                            
2000f9b3  _nop                             
20004040  _sys_memory                      
UNDEFED   _system_post_cinit               
200119b3  _system_pre_init                 
20013354  _unlock                          
200119b7  abort                            
2000de35  aligned_alloc                    
2000ff89  atoi                             
ffffffff  binit                            
2001333b  buttonPressed                    
2000fca3  clkFxn                           
2000e165  free                             
2001156d  gpioButtonFxn0                   
200123a0  gpioCallbackFunctions            
20013238  gpioPinConfigs                   
20012424  gpioUserArgs                     
200125e4  i2c                              
20012c30  i2cCC32XXHWAttrs                 
200122a4  i2cCC32XXObjects                 
2001258c  i2cTransaction                   
2000d511  initI2C                          
20010285  initTimer                        
20010ae9  initUART                         
20010965  initVectors                      
20011799  main                             
2000e689  mainThread                       
20011971  malloc                           
2000de35  memalign                         
20011181  memccpy                          
2001252c  output                           
20013140  parkInfo                         
2000ed3d  readTemp                         
20011285  resetISR                         
200125f0  rxBuffer                         
200102c9  snprintf                         
20013358  temperature                      
200125e8  timer0                           
20012c64  timerCC32XXHWAttrs               
200124a8  timerCC32XXObjects               
2001058d  timerCallback                    
2001333c  timerCounter                     
200125f2  txBuffer                         
2000fc55  uDMAChannelAssign                
2000ee77  uDMAChannelAttributeDisable      
20010495  uDMAChannelControlSet            
2001119f  uDMAChannelDisable               
200111bd  uDMAChannelEnable                
200111db  uDMAChannelIsEnabled             
2000fe1d  uDMAChannelSizeGet               
2000df55  uDMAChannelTransferSet           
20011581  uDMAControlBaseSet               
2001180f  uDMAEnable                       
2001181d  uDMAErrorStatusClear             
200118e5  uDMAErrorStatusGet               
20011595  uDMAIntClear                     
200125ec  uart                             
20012000  uart2CC32XXObjects0              
20012c8c  udmaCC3220SHWAttrs               
200125d0  udmaCC3220SObject                
200117a9  wcslen                           


GLOBAL SYMBOLS: SORTED BY Symbol Address 

address   name                             
-------   ----                             
00001000  __STACK_SIZE                     
00008000  __SYSMEM_SIZE                    
20003000  __stack                          
20004000  __STACK_END                      
20004000  __start___llvm_prf_bits          
20004000  __start___llvm_prf_cnts          
20004000  __stop___llvm_prf_bits           
20004000  __stop___llvm_prf_cnts           
20004040  _sys_memory                      
2000c041  __TI_printfi_nofloat             
2000c885  PRCMCC3200MCUInit                
2000cd3d  Power_sleep                      
2000d343  Board_initHook                   
2000d345  UART2_open                       
2000d511  initI2C                          
2000d689  UART2_writeTimeoutBlocking       
2000d7fd  PowerCC32XX_sleepPolicy          
2000d94d  Timer_open                       
2000da95  GPIO_setConfig                   
2000dd0d  I2C_transferTimeout              
2000de33  I2C_init                         
2000de35  aligned_alloc                    
2000de35  memalign                         
2000df55  uDMAChannelTransferSet           
2000e067  PowerCC32XX_initPolicy           
2000e069  __aeabi_dmul                     
2000e069  __muldf3                         
2000e165  free                             
2000e25d  I2C_open                         
2000e345  UART2_close                      
2000e42d  UART2Support_dmaStartRx          
2000e4f9  IntDisable                       
2000e5c1  IntEnable                        
2000e689  mainThread                       
2000e815  UART2Support_dmaStartTx          
2000e8cd  __udivmoddi4                     
2000e97d  GPIOIntTypeSet                   
2000ea29  IntPendSet                       
2000eacd  PinConfigSet                     
2000ec0b  I2CMasterInitExpClk              
2000eca3  SemaphoreP_destruct              
2000eca5  SemaphoreP_pend                  
2000ed3d  readTemp                         
2000edd5  CPUwfi                           
2000ede1  PowerCC32XX_enterLPDS            
2000ee25  PowerCC32XX_resumeLPDS           
2000ee77  uDMAChannelAttributeDisable      
2000ef09  GPIO_init                        
2000ef99  PRCMSysResetCauseGet             
2000f027  Timer_init                       
2000f029  PowerCC32XX_configureWakeup      
2000f12d  Power_init                       
2000f1a5  HwiP_construct                   
2000f219  PRCMHibernateWakeUpGPIOSelect    
2000f28d  UARTConfigSetExpClk              
2000f301  PinLockLevelSet                  
2000f36d  Power_setDependency              
2000f3d9  UDMACC32XX_open                  
2000f51d  PRCMPeripheralReset              
2000f587  __TI_decompress_lzss             
2000f659  IntPendClear                     
2000f727  __aeabi_ldiv0                    
2000f729  GPIO_write                       
2000f789  UART2Support_dmaStopTx           
2000f7e9  FlashDisable                     
2000f845  I2CSupport_primeTransfer         
2000f8a1  PRCMHibernateWakeupSourceDisable 
2000f8fd  TimerCC32XX_allocateTimerResource
2000f959  PRCMPeripheralClkEnable          
2000f9b3  _nop                             
2000f9b5  ClockP_startup                   
2000fa0d  IntPrioritySet                   
2000fa65  PRCMLPDSEnter                    
2000fabd  PowerCC32XX_setParkState         
2000fb11  Power_releaseDependency          
2000fb65  GPIO_hwiIntFxn                   
2000fbb5  PRCMHibernateWakeupSourceEnable  
2000fc05  SemaphoreP_construct             
2000fc55  uDMAChannelAssign                
2000fca3  clkFxn                           
2000fca5  GPIO_setInterruptConfig          
2000fcf1  PRCMLPDSRestoreInfoSet           
2000fd89  UART2Support_dmaStopRx           
2000fe1d  uDMAChannelSizeGet               
2000fe69  ClockP_sysTickHandler            
2000feb1  PRCMIntEnable                    
2000fef9  PRCMPeripheralStatusGet          
2000ff41  PinConfigGet                     
2000ff89  atoi                             
2000ffd1  __aeabi_d2iz                     
2000ffd1  __fixdfsi                        
2001005f  PRCMLPDSEnterKeepDebugIf         
200100a5  RingBuf_put                      
200100eb  GPIODirModeSet                   
20010131  GPIO_disableInt                  
20010175  GPIO_enableInt                   
200101b9  Power_releaseConstraint          
200101fd  Timer_start                      
20010285  initTimer                        
200102c9  snprintf                         
2001030d  PinModeSet                       
2001034f  TimerControlStall                
20010391  Timer_close                      
20010415  SemaphoreP_post                  
20010455  Timer_stop                       
20010495  uDMAChannelControlSet            
200104d5  PinDirModeSet                    
20010515  ClockP_stop                      
20010551  UDMACC32XX_init                  
2001058d  timerCallback                    
200105c9  TimerSupport_timerEnable         
20010605  ClockP_destruct                  
2001063d  Power_setConstraint              
20010675  RingBuf_putAdvance               
200106ad  SwiP_restore                     
200106e5  UDMACC32XX_close                 
2001071d  __TI_auto_init_nobinit_nopinit   
20010755  PinLock                          
200107c1  UARTCharPutNonBlocking           
200107f9  ClockP_start                     
2001082d  I2CFIFODataPutNonBlocking        
20010861  PinDirModeGet                    
20010895  PinModeGet                       
200108c9  PowerCC32XX_parkPin              
200108fd  TimerCC32XX_freeTimerResource    
20010931  UART2_rxDisable                  
20010965  initVectors                      
20010999  ClockP_getTicksUntilInterrupt    
200109c9  I2CFIFODataGetNonBlocking        
200109f9  PRCMLPDSIntervalSet              
20010a29  PRCMSlowClkCtrFastGet            
20010a59  TimerLoadSet                     
20010a89  TimerPrescaleSet                 
20010ae9  initUART                         
20010b49  GPIOIntStatus                    
20010b77  RingBuf_getConsume               
20010ba5  RingBuf_putPointer               
20010bd3  UARTDisable                      
20010c01  __aeabi_i2d                      
20010c01  __floatsidf                      
20010c2f  I2CMasterIntStatusEx             
20010c87  HwiP_create                      
20010cb1  PRCMLPDSWakeUpGPIOSelect         
20010cdb  PRCMPeripheralClkDisable         
20010d05  UARTIntStatus                    
20010d2f  I2CMasterBusBusy                 
20010d57  I2CMasterSlaveAddrSet            
20010d7f  I2CTxFIFOConfigSet               
20010da7  I2C_cancel                       
20010dcf  List_remove                      
20010df7  PRCMSRAMRetentionEnable          
20010e21  PowerCC32XX_getParkState         
20010e49  TimerSupport_timerDisable        
20010e99  I2CRxFIFOConfigSet               
20010ebd  IntUnregister                    
20010ee1  List_put                         
20010f05  PRCMLPDSWakeupSourceEnable       
20010f29  PowerCC32XX_restoreParkState     
20010f4d  PowerCC32XX_restoreParkedPin     
20010f71  Power_registerNotify             
20010f95  UART2Support_disableRx           
20010fb9  _c_int00_noargs                  
20010fdd  GPIOPinWrite                     
20010fff  PinUnlock                        
20011021  RingBuf_getPointer               
20011043  UART2Support_sendData            
20011065  IntRegister                      
20011085  PinTypeI2C                       
200110a5  PowerCC32XX_reset                
200110c5  Power_unregisterNotify           
200110e5  SemaphoreP_constructBinary       
20011105  SemaphoreP_createBinary          
20011125  TimerDisable                     
20011145  PinTypeUART                      
20011163  UARTEnable                       
20011181  memccpy                          
2001119f  uDMAChannelDisable               
200111bd  uDMAChannelEnable                
200111db  uDMAChannelIsEnabled             
200111f9  GPIO_setCallback                 
20011215  HwiP_dispatch                    
20011231  SwiP_disable                     
20011285  resetISR                         
200112a1  GPIOIntDisable                   
200112bb  PRCMHIBRegRead                   
200112d5  PRCMHIBRegWrite                  
200112ef  PRCMLPDSWakeupSourceDisable      
20011309  PinToPadGet                      
20011323  TimerEnable                      
2001133d  UARTFlowControlSet               
20011357  GPIOIntEnable                    
2001136f  SemaphoreP_create                
2001139f  Board_init                       
200113b5  I2CMasterBurstLengthSet          
200113cb  I2CMasterIntDisableEx            
200113e1  I2CRxFIFOFlush                   
200113f7  I2CTxFIFOFlush                   
2001140d  SysTickPeriodSet                 
20011423  TimerIntDisable                  
20011439  UARTCharsAvail                   
2001144f  UARTDMADisable                   
20011465  UARTFIFOLevelSet                 
2001147b  UARTIntDisable                   
20011491  CPUcpsid                         
200114a5  CPUcpsie                         
200114b9  HwiP_destruct                    
200114cd  I2CMasterIntEnableEx             
200114e1  IntVTableBaseSet                 
200114f5  Power_disablePolicy              
20011509  Power_getTransitionLatency       
2001151d  Power_idleFunc                   
20011531  TimerIntEnable                   
20011545  UARTDMAEnable                    
20011559  UARTIntEnable                    
2001156d  gpioButtonFxn0                   
20011581  uDMAControlBaseSet               
20011595  uDMAIntClear                     
200115a9  __aeabi_memset                   
200115a9  __aeabi_memset4                  
200115a9  __aeabi_memset8                  
200115b5  __aeabi_memclr                   
200115b5  __aeabi_memclr4                  
200115b5  __aeabi_memclr8                  
200115bd  __aeabi_uldivmod                 
200115d1  ClockP_add                       
200115e3  GPIOIntClear                     
200115f5  HwiP_Params_init                 
20011607  HwiP_delete                      
20011619  I2CMasterDisable                 
2001162b  I2CMasterEnable                  
2001163d  I2C_transfer                     
2001164f  SysTickEnable                    
20011661  SysTickIntDisable                
20011673  SysTickIntEnable                 
20011697  TI_memcpy_small                  
200116a9  ClockP_getCpuFreq                
200116b9  ClockP_getSystemTicks            
200116c9  ClockP_setTicks                  
200116d9  HwiP_inISR                       
200116e9  I2CMasterControl                 
200116f9  I2CMasterIntClearEx              
20011709  I2CMasterTimeoutSet              
20011719  Power_enablePolicy               
20011729  RingBuf_construct                
20011739  TimerIntClear                    
20011749  Timer_Params_init                
20011759  UART2Support_txDone              
20011769  UARTBusy                         
20011779  UARTIntClear                     
20011789  UARTRxErrorGet                   
20011799  main                             
200117a9  wcslen                           
200117b9  __TI_zero_init                   
200117c9  HwiP_interruptsEnabled           
200117d7  I2CFIFOStatus                    
200117e5  UART2_write                      
200117f3  UART2_writeTimeout               
2001180f  uDMAEnable                       
2001181d  uDMAErrorStatusClear             
2001182b  TI_memset_small                  
20011839  __TI_decompress_none             
20011853  I2C_Params_init                  
2001188f  PRCMLPDSWakeupCauseGet           
2001189d  Power_getConstraintMask          
200118b5  UART2Support_disableTx           
200118c1  UART2Support_enableTx            
200118cd  UART2_Params_init                
200118e5  uDMAErrorStatusGet               
200118f1  CPUprimask                       
200118fb  ClockP_isActive                  
20011905  IntMasterDisable                 
2001190f  IntMasterEnable                  
20011937  HwiP_disable                     
2001193f  HwiP_restore                     
2001194f  I2CSupport_controllerFinish      
20011957  PRCMSleepEnter                   
2001195f  UtilsDelay                       
20011969  __aeabi_errno_addr               
20011971  malloc                           
20011979  I2CSupport_powerRelConstraint    
2001197f  I2CSupport_powerSetConstraint    
20011985  UART2Support_powerRelConstraint  
2001198b  ClockP_doTick                    
2001198f  HwiP_clearInterrupt              
20011993  HwiP_disableInterrupt            
20011997  HwiP_enable                      
2001199b  HwiP_enableInterrupt             
2001199f  HwiP_post                        
200119a7  NoRTOS_start                     
200119ab  RingBuf_getCount                 
200119af  SemaphoreP_delete                
200119b3  _system_pre_init                 
200119b6  C$$EXIT                          
200119b7  abort                            
200119bd  __aeabi_memcpy                   
200119bd  __aeabi_memcpy4                  
200119bd  __aeabi_memcpy8                  
200119c0  __TI_static_base__               
20011a94  __TI_Handler_Table_Base          
20011aa0  __TI_Handler_Table_Limit         
20011aa8  __TI_CINIT_Base                  
20011ab8  __TI_CINIT_Limit                 
20011ab8  __TI_CINIT_Warm                  
20012000  uart2CC32XXObjects0              
20012178  PowerCC32XX_contextSave          
200122a4  i2cCC32XXObjects                 
200123a0  gpioCallbackFunctions            
20012424  gpioUserArgs                     
200124a8  timerCC32XXObjects               
2001252c  output                           
2001258c  i2cTransaction                   
200125c0  ClockP_ctrl                      
200125d0  udmaCC3220SObject                
200125e4  i2c                              
200125e8  timer0                           
200125ec  uart                             
200125f0  rxBuffer                         
200125f2  txBuffer                         
20012600  __aeabi_ctype_table_             
20012600  __aeabi_ctype_table_C            
20012703  GPIO_pinUpperBound               
2001299b  I2C_count                        
20012aaa  Timer_count                      
20012aab  UART2_count                      
20012aac  PowerCC32XX_config               
20012b50  UART2_defaultParams              
20012c30  i2cCC32XXHWAttrs                 
20012c44  GPIO_config                      
20012c64  timerCC32XXHWAttrs               
20012c8c  udmaCC3220SHWAttrs               
20012c98  I2C_config                       
20012ca0  Timer_config                     
20012ca8  UART2_config                     
20012cb0  UDMACC32XX_config                
20012fd4  PowerCC32XX_module               
20013140  parkInfo                         
20013238  gpioPinConfigs                   
20013328  SemaphoreP_defaultParams         
20013338  TimerFlag1s                      
20013339  TimerFlag500ms                   
2001333a  TimerFlag200ms                   
2001333b  buttonPressed                    
2001333c  timerCounter                     
20013344  ClockP_tickPeriod                
20013348  HwiP_swiPIntNum                  
2001334c  __aeabi_errno                    
20013350  _lock                            
20013354  _unlock                          
20013358  temperature                      
ffffffff  __TI_pprof_out_hndl              
ffffffff  __TI_prof_data_size              
ffffffff  __TI_prof_data_start             
ffffffff  __binit__                        
ffffffff  binit                            
UNDEFED   ITM_flush                        
UNDEFED   ITM_restore                      
UNDEFED   __mpu_init                       
UNDEFED   _system_post_cinit               

[358 symbols]
